******************************************************************************
                  TI ARM Linker PC v18.12.5                    
******************************************************************************
>> Linked Sun Apr 26 10:47:37 2020

OUTPUT FILE NAME:   <i2ctmp_CC2640R2_LAUNCHXL_tirtos_ccs.out>
ENTRY POINT SYMBOL: "ResetISR"  address: 00003e8d


MEMORY CONFIGURATION

         name            origin    length      used     unused   attr    fill
----------------------  --------  ---------  --------  --------  ----  --------
  FLASH                 00000000   00020000  0000577a  0001a886  R  X
  SRAM                  20000000   00005000  0000211b  00002ee5  RW X


SEGMENT ALLOCATION MAP

run origin  load origin   length   init length attrs members
----------  ----------- ---------- ----------- ----- -------
00000000    00000000    0000572c   0000572c    r-x
  00000000    00000000    0000003c   0000003c    r-- .resetVecs
  0000003c    0000003c    00000fc4   00000fc4    r-x .text.1
  00001000    00001000    00000028   00000028    r-- .const:ti_sysbios_heaps_HeapMem_Module__FXNS__C
  00001028    00001028    00000024   00000024    r-- .const:ti_sysbios_gates_GateHwi_Module__FXNS__C
  0000104c    0000104c    00000024   00000024    r-- .const:ti_sysbios_gates_GateMutex_Module__FXNS__C
  00001070    00001070    00000020   00000020    r-- .const:ti_sysbios_family_arm_m3_Hwi_Object__DESC__C
  00001090    00001090    00000020   00000020    r-- .const:ti_sysbios_gates_GateHwi_Object__DESC__C
  000010b0    000010b0    00000020   00000020    r-- .const:ti_sysbios_gates_GateMutex_Object__DESC__C
  000010d0    000010d0    00000020   00000020    r-- .const:ti_sysbios_hal_Hwi_Object__DESC__C
  000010f0    000010f0    00000020   00000020    r-- .const:ti_sysbios_heaps_HeapMem_Object__DESC__C
  00001110    00001110    00000020   00000020    r-- .const:ti_sysbios_knl_Clock_Object__DESC__C
  00001130    00001130    00000020   00000020    r-- .const:ti_sysbios_knl_Event_Object__DESC__C
  00001150    00001150    00000020   00000020    r-- .const:ti_sysbios_knl_Mailbox_Object__DESC__C
  00001170    00001170    00000020   00000020    r-- .const:ti_sysbios_knl_Queue_Object__DESC__C
  00001190    00001190    00000020   00000020    r-- .const:ti_sysbios_knl_Semaphore_Object__DESC__C
  000011b0    000011b0    00000020   00000020    r-- .const:ti_sysbios_knl_Swi_Object__DESC__C
  000011d0    000011d0    00000020   00000020    r-- .const:ti_sysbios_knl_Task_Object__DESC__C
  000011f0    000011f0    00000008   00000008    r-- .const:ti_sysbios_knl_Idle_funcList__C
  000011f8    000011f8    00000004   00000004    r-- .const:ti_sysbios_family_arm_cc26xx_Timer_startupNeeded__C
  000011fc    000011fc    00000004   00000004    r-- .const:ti_sysbios_family_arm_m3_Hwi_E_alreadyDefined__C
  00001200    00001200    00000004   00000004    r-- .const:ti_sysbios_family_arm_m3_Hwi_E_hwiLimitExceeded__C
  00001204    00001204    00000004   00000004    r-- .const:ti_sysbios_family_arm_m3_Hwi_NUM_INTERRUPTS__C
  00001208    00001208    00000004   00000004    r-- .const:ti_sysbios_family_arm_m3_Hwi_Object__count__C
  0000120c    0000120c    00000004   00000004    r-- .const:ti_sysbios_family_arm_m3_Hwi_Object__table__C
  00001210    00001210    00000004   00000004    r-- .const:ti_sysbios_family_arm_m3_Hwi_ccr__C
  00001214    00001214    00000004   00000004    r-- .const:ti_sysbios_family_arm_m3_Hwi_excHandlerFunc__C
  00001218    00001218    00000004   00000004    r-- .const:ti_sysbios_family_arm_m3_Hwi_nullIsrFunc__C
  0000121c    0000121c    00000004   00000004    r-- .const:ti_sysbios_family_arm_m3_Hwi_numSparseInterrupts__C
  00001220    00001220    00000004   00000004    r-- .const:ti_sysbios_family_arm_m3_Hwi_priGroup__C
  00001224    00001224    00000004   00000004    r-- .const:ti_sysbios_family_arm_m3_TaskSupport_stackAlignment__C
  00001228    00001228    00000004   00000004    r-- .const:ti_sysbios_heaps_HeapMem_E_memory__C
  0000122c    0000122c    00000004   00000004    r-- .const:ti_sysbios_heaps_HeapMem_Module__gateObj__C
  00001230    00001230    00000004   00000004    r-- .const:ti_sysbios_heaps_HeapMem_Object__count__C
  00001234    00001234    00000004   00000004    r-- .const:ti_sysbios_heaps_HeapMem_Object__table__C
  00001238    00001238    00000004   00000004    r-- .const:ti_sysbios_heaps_HeapMem_reqAlign__C
  0000123c    0000123c    00000004   00000004    r-- .const:ti_sysbios_knl_Clock_triggerClock__C
  00001240    00001240    00000004   00000004    r-- .const:ti_sysbios_knl_Mailbox_Object__count__C
  00001244    00001244    00000004   00000004    r-- .const:ti_sysbios_knl_Mailbox_Object__table__C
  00001248    00001248    00000004   00000004    r-- .const:ti_sysbios_knl_Mailbox_maxTypeAlign__C
  0000124c    0000124c    00000004   00000004    r-- .const:ti_sysbios_knl_Queue_Object__count__C
  00001250    00001250    00000004   00000004    r-- .const:ti_sysbios_knl_Queue_Object__table__C
  00001254    00001254    00000004   00000004    r-- .const:ti_sysbios_knl_Semaphore_eventPost__C
  00001258    00001258    00000004   00000004    r-- .const:ti_sysbios_knl_Semaphore_eventSync__C
  0000125c    0000125c    00000004   00000004    r-- .const:ti_sysbios_knl_Swi_Object__count__C
  00001260    00001260    00000004   00000004    r-- .const:ti_sysbios_knl_Swi_Object__table__C
  00001264    00001264    00000004   00000004    r-- .const:ti_sysbios_knl_Swi_numPriorities__C
  00001268    00001268    00000004   00000004    r-- .const:ti_sysbios_knl_Task_Object__count__C
  0000126c    0000126c    00000004   00000004    r-- .const:ti_sysbios_knl_Task_Object__table__C
  00001270    00001270    00000004   00000004    r-- .const:ti_sysbios_knl_Task_allBlockedFunc__C
  00001274    00001274    00000004   00000004    r-- .const:ti_sysbios_knl_Task_defaultStackHeap__C
  00001278    00001278    00000004   00000004    r-- .const:ti_sysbios_knl_Task_defaultStackSize__C
  0000127c    0000127c    00000004   00000004    r-- .const:ti_sysbios_knl_Task_numConstructedTasks__C
  00001280    00001280    00000002   00000002    r-- .const:ti_sysbios_family_arm_cc26xx_Timer_Module__id__C
  00001282    00001282    00000002   00000002    r-- .const:ti_sysbios_family_arm_cc26xx_TimestampProvider_useClockTimer__C
  00001284    00001284    00000002   00000002    r-- .const:ti_sysbios_family_arm_m3_Hwi_Module__id__C
  00001286    00001286    00000002   00000002    r-- .const:ti_sysbios_gates_GateHwi_Module__id__C
  00001288    00001288    00000002   00000002    r-- .const:ti_sysbios_gates_GateMutex_Module__id__C
  0000128a    0000128a    00000002   00000002    r-- .const:ti_sysbios_heaps_HeapMem_Module__id__C
  0000128c    0000128c    00000002   00000002    r-- .const:ti_sysbios_knl_Task_initStackFlag__C
  0000128e    0000128e    00000001   00000001    r-- .const:ti_sysbios_knl_Clock_tickMode__C
  00001290    00001290    00000008   00000008    r-- .const:xdc_runtime_Startup_firstFxns__C
  00001298    00001298    00000008   00000008    r-- .const:xdc_runtime_Startup_lastFxns__C
  000012a0    000012a0    00000004   00000004    r-- .const:xdc_runtime_Assert_E_assertFailed__C
  000012a4    000012a4    00000004   00000004    r-- .const:xdc_runtime_Error_E_memory__C
  000012a8    000012a8    00000004   00000004    r-- .const:xdc_runtime_Error_policyFxn__C
  000012ac    000012ac    00000004   00000004    r-- .const:xdc_runtime_Error_raiseHook__C
  000012b0    000012b0    00000004   00000004    r-- .const:xdc_runtime_IGateProvider_Interface__BASE__C
  000012b4    000012b4    00000004   00000004    r-- .const:xdc_runtime_IHeap_Interface__BASE__C
  000012b8    000012b8    00000004   00000004    r-- .const:xdc_runtime_IModule_Interface__BASE__C
  000012bc    000012bc    00000004   00000004    r-- .const:xdc_runtime_Memory_defaultHeapInstance__C
  000012c0    000012c0    00000004   00000004    r-- .const:xdc_runtime_Startup_execImpl__C
  000012c4    000012c4    00000004   00000004    r-- .const:xdc_runtime_Startup_maxPasses__C
  000012c8    000012c8    00000004   00000004    r-- .const:xdc_runtime_Startup_sfxnRts__C
  000012cc    000012cc    00000004   00000004    r-- .const:xdc_runtime_Startup_sfxnTab__C
  000012d0    000012d0    00000004   00000004    r-- .const:xdc_runtime_Startup_startModsFxn__C
  000012d4    000012d4    00000004   00000004    r-- .const:xdc_runtime_SysCallback_abortFxn__C
  000012d8    000012d8    00000004   00000004    r-- .const:xdc_runtime_SysCallback_exitFxn__C
  000012dc    000012dc    00000004   00000004    r-- .const:xdc_runtime_System_abortFxn__C
  000012e0    000012e0    00000004   00000004    r-- .const:xdc_runtime_System_exitFxn__C
  000012e4    000012e4    00000004   00000004    r-- .const:xdc_runtime_System_maxAtexitHandlers__C
  000012e8    000012e8    00000004   00000004    r-- .const:xdc_runtime_Text_charTab__C
  000012ec    000012ec    00000004   00000004    r-- .const:xdc_runtime_Text_nameEmpty__C
  000012f0    000012f0    00000004   00000004    r-- .const:xdc_runtime_Text_nameStatic__C
  000012f4    000012f4    00000004   00000004    r-- .const:xdc_runtime_Text_nameUnknown__C
  000012f8    000012f8    00000002   00000002    r-- .const:xdc_runtime_Error_maxDepth__C
  000012fa    000012fa    00000002   00000002    r-- .const:xdc_runtime_Memory_Module__id__C
  000012fc    000012fc    00000002   00000002    r-- .const:xdc_runtime_Text_charCnt__C
  000012fe    000012fe    00000002   00000002    r-- .const:xdc_runtime_Text_isLoaded__C
  00001300    00001300    00000001   00000001    r-- .const:xdc_runtime_Error_policy__C
  00001304    00001304    00000004   00000004    r-- .const:ti_sysbios_rom_ROM_ti_sysbios_family_arm_cc26xx_Timer_getCount64__E
  00001308    00001308    00000004   00000004    r-- .const:ti_sysbios_rom_ROM_ti_sysbios_family_arm_cc26xx_Timer_getCurrentTick__E
  0000130c    0000130c    00000004   00000004    r-- .const:ti_sysbios_rom_ROM_ti_sysbios_family_arm_cc26xx_Timer_getMaxTicks__E
  00001310    00001310    00000004   00000004    r-- .const:ti_sysbios_rom_ROM_ti_sysbios_family_arm_cc26xx_Timer_initDevice__I
  00001314    00001314    00000004   00000004    r-- .const:ti_sysbios_rom_ROM_ti_sysbios_family_arm_cc26xx_Timer_setNextTick__E
  00001318    00001318    00000004   00000004    r-- .const:ti_sysbios_rom_ROM_ti_sysbios_family_arm_cc26xx_Timer_setThreshold__I
  0000131c    0000131c    00000004   00000004    r-- .const:ti_sysbios_rom_ROM_ti_sysbios_family_arm_cc26xx_Timer_start__E
  00001320    00001320    00000004   00000004    r-- .const:ti_sysbios_rom_ROM_ti_sysbios_family_arm_cc26xx_TimestampProvider_get32__E
  00001324    00001324    00000004   00000004    r-- .const:ti_sysbios_rom_ROM_xdc_runtime_Startup_getState__I
  00001328    00001328    00000004   00000004    r-- .const:ti_sysbios_rom_ROM_xdc_runtime_System_SupportProxy_abort__E
  0000132c    0000132c    00000004   00000004    r-- .const:ti_sysbios_rom_ROM_xdc_runtime_System_SupportProxy_exit__E
  00001330    00001330    00003e48   00003e48    r-x .text.2
  00005178    00005178    0000032a   0000032a    r-- .const
  000054a8    000054a8    00000284   00000284    r-- .cinit
0001ffa8    0001ffa8    00000058   00000058    r--
  0001ffa8    0001ffa8    00000058   00000058    r-- .ccfg
20000100    20000100    00000106   00000000    rw-
  20000100    20000100    00000044   00000000    rw- .data:ti_sysbios_knl_Task_Module__state__V
  20000144    20000144    00000034   00000000    rw- .data:ti_sysbios_family_arm_m3_Hwi_Module__state__V
  20000178    20000178    0000002c   00000000    rw- .data:ti_sysbios_knl_Clock_Module__state__V
  200001a4    200001a4    00000024   00000000    rw- .data:ti_sysbios_BIOS_Module__state__V
  200001c8    200001c8    0000001c   00000000    rw- .data:ti_sysbios_knl_Swi_Module__state__V
  200001e4    200001e4    00000008   00000000    rw- .data:ti_sysbios_family_arm_cc26xx_Timer_Module__state__V
  200001ec    200001ec    00000004   00000000    rw- .data:ti_sysbios_family_arm_cc26xx_TimestampProvider_Module__state__V
  200001f0    200001f0    00000008   00000000    rw- .data:xdc_runtime_Startup_Module__state__V
  200001f8    200001f8    00000008   00000000    rw- .data:xdc_runtime_System_Module__state__V
  20000200    20000200    00000004   00000000    rw- .data:xdc_runtime_Memory_Module__state__V
  20000204    20000204    00000002   00000000    rw- .data:xdc_runtime_Error_Module__state__V
20000208    20000208    00001000   00000000    r--
  20000208    20000208    00001000   00000000    r-- .priheap
20001208    20001208    00000b54   00000000    rw-
  20001208    20001208    000005b1   00000000    rw- .bss
  200017c0    200017c0    0000059c   00000000    rw- .data
20004c00    20004c00    00000400   00000000    rw-
  20004c00    20004c00    00000400   00000000    rw- .stack


SECTION ALLOCATION MAP

 output                                  attributes/
section   page    origin      length       input sections
--------  ----  ----------  ----------   ----------------
.const:ti_sysbios_heaps_HeapMem_Module__FXNS__C 
*          0    00001000    00000028     
                  00001000    00000028     release_pem3.oem3 (.const:ti_sysbios_heaps_HeapMem_Module__FXNS__C)

.const:ti_sysbios_gates_GateHwi_Module__FXNS__C 
*          0    00001028    00000024     
                  00001028    00000024     release_pem3.oem3 (.const:ti_sysbios_gates_GateHwi_Module__FXNS__C)

.const:ti_sysbios_gates_GateMutex_Module__FXNS__C 
*          0    0000104c    00000024     
                  0000104c    00000024     release_pem3.oem3 (.const:ti_sysbios_gates_GateMutex_Module__FXNS__C)

.const:ti_sysbios_family_arm_m3_Hwi_Object__DESC__C 
*          0    00001070    00000020     
                  00001070    00000020     release_pem3.oem3 (.const:ti_sysbios_family_arm_m3_Hwi_Object__DESC__C)

.const:ti_sysbios_gates_GateHwi_Object__DESC__C 
*          0    00001090    00000020     
                  00001090    00000020     release_pem3.oem3 (.const:ti_sysbios_gates_GateHwi_Object__DESC__C)

.const:ti_sysbios_gates_GateMutex_Object__DESC__C 
*          0    000010b0    00000020     
                  000010b0    00000020     release_pem3.oem3 (.const:ti_sysbios_gates_GateMutex_Object__DESC__C)

.const:ti_sysbios_hal_Hwi_Object__DESC__C 
*          0    000010d0    00000020     
                  000010d0    00000020     release_pem3.oem3 (.const:ti_sysbios_hal_Hwi_Object__DESC__C)

.const:ti_sysbios_heaps_HeapMem_Object__DESC__C 
*          0    000010f0    00000020     
                  000010f0    00000020     release_pem3.oem3 (.const:ti_sysbios_heaps_HeapMem_Object__DESC__C)

.const:ti_sysbios_knl_Clock_Object__DESC__C 
*          0    00001110    00000020     
                  00001110    00000020     release_pem3.oem3 (.const:ti_sysbios_knl_Clock_Object__DESC__C)

.const:ti_sysbios_knl_Event_Object__DESC__C 
*          0    00001130    00000020     
                  00001130    00000020     release_pem3.oem3 (.const:ti_sysbios_knl_Event_Object__DESC__C)

.const:ti_sysbios_knl_Mailbox_Object__DESC__C 
*          0    00001150    00000020     
                  00001150    00000020     release_pem3.oem3 (.const:ti_sysbios_knl_Mailbox_Object__DESC__C)

.const:ti_sysbios_knl_Queue_Object__DESC__C 
*          0    00001170    00000020     
                  00001170    00000020     release_pem3.oem3 (.const:ti_sysbios_knl_Queue_Object__DESC__C)

.const:ti_sysbios_knl_Semaphore_Object__DESC__C 
*          0    00001190    00000020     
                  00001190    00000020     release_pem3.oem3 (.const:ti_sysbios_knl_Semaphore_Object__DESC__C)

.const:ti_sysbios_knl_Swi_Object__DESC__C 
*          0    000011b0    00000020     
                  000011b0    00000020     release_pem3.oem3 (.const:ti_sysbios_knl_Swi_Object__DESC__C)

.const:ti_sysbios_knl_Task_Object__DESC__C 
*          0    000011d0    00000020     
                  000011d0    00000020     release_pem3.oem3 (.const:ti_sysbios_knl_Task_Object__DESC__C)

.const:ti_sysbios_knl_Idle_funcList__C 
*          0    000011f0    00000008     
                  000011f0    00000008     release_pem3.oem3 (.const:ti_sysbios_knl_Idle_funcList__C)

.const:ti_sysbios_family_arm_cc26xx_Timer_startupNeeded__C 
*          0    000011f8    00000004     
                  000011f8    00000004     release_pem3.oem3 (.const:ti_sysbios_family_arm_cc26xx_Timer_startupNeeded__C)

.const:ti_sysbios_family_arm_m3_Hwi_E_alreadyDefined__C 
*          0    000011fc    00000004     
                  000011fc    00000004     release_pem3.oem3 (.const:ti_sysbios_family_arm_m3_Hwi_E_alreadyDefined__C)

.const:ti_sysbios_family_arm_m3_Hwi_E_hwiLimitExceeded__C 
*          0    00001200    00000004     
                  00001200    00000004     release_pem3.oem3 (.const:ti_sysbios_family_arm_m3_Hwi_E_hwiLimitExceeded__C)

.const:ti_sysbios_family_arm_m3_Hwi_NUM_INTERRUPTS__C 
*          0    00001204    00000004     
                  00001204    00000004     release_pem3.oem3 (.const:ti_sysbios_family_arm_m3_Hwi_NUM_INTERRUPTS__C)

.const:ti_sysbios_family_arm_m3_Hwi_Object__count__C 
*          0    00001208    00000004     
                  00001208    00000004     release_pem3.oem3 (.const:ti_sysbios_family_arm_m3_Hwi_Object__count__C)

.const:ti_sysbios_family_arm_m3_Hwi_Object__table__C 
*          0    0000120c    00000004     
                  0000120c    00000004     release_pem3.oem3 (.const:ti_sysbios_family_arm_m3_Hwi_Object__table__C)

.const:ti_sysbios_family_arm_m3_Hwi_ccr__C 
*          0    00001210    00000004     
                  00001210    00000004     release_pem3.oem3 (.const:ti_sysbios_family_arm_m3_Hwi_ccr__C)

.const:ti_sysbios_family_arm_m3_Hwi_excHandlerFunc__C 
*          0    00001214    00000004     
                  00001214    00000004     release_pem3.oem3 (.const:ti_sysbios_family_arm_m3_Hwi_excHandlerFunc__C)

.const:ti_sysbios_family_arm_m3_Hwi_nullIsrFunc__C 
*          0    00001218    00000004     
                  00001218    00000004     release_pem3.oem3 (.const:ti_sysbios_family_arm_m3_Hwi_nullIsrFunc__C)

.const:ti_sysbios_family_arm_m3_Hwi_numSparseInterrupts__C 
*          0    0000121c    00000004     
                  0000121c    00000004     release_pem3.oem3 (.const:ti_sysbios_family_arm_m3_Hwi_numSparseInterrupts__C)

.const:ti_sysbios_family_arm_m3_Hwi_priGroup__C 
*          0    00001220    00000004     
                  00001220    00000004     release_pem3.oem3 (.const:ti_sysbios_family_arm_m3_Hwi_priGroup__C)

.const:ti_sysbios_family_arm_m3_TaskSupport_stackAlignment__C 
*          0    00001224    00000004     
                  00001224    00000004     release_pem3.oem3 (.const:ti_sysbios_family_arm_m3_TaskSupport_stackAlignment__C)

.const:ti_sysbios_heaps_HeapMem_E_memory__C 
*          0    00001228    00000004     
                  00001228    00000004     release_pem3.oem3 (.const:ti_sysbios_heaps_HeapMem_E_memory__C)

.const:ti_sysbios_heaps_HeapMem_Module__gateObj__C 
*          0    0000122c    00000004     
                  0000122c    00000004     release_pem3.oem3 (.const:ti_sysbios_heaps_HeapMem_Module__gateObj__C)

.const:ti_sysbios_heaps_HeapMem_Object__count__C 
*          0    00001230    00000004     
                  00001230    00000004     release_pem3.oem3 (.const:ti_sysbios_heaps_HeapMem_Object__count__C)

.const:ti_sysbios_heaps_HeapMem_Object__table__C 
*          0    00001234    00000004     
                  00001234    00000004     release_pem3.oem3 (.const:ti_sysbios_heaps_HeapMem_Object__table__C)

.const:ti_sysbios_heaps_HeapMem_reqAlign__C 
*          0    00001238    00000004     
                  00001238    00000004     release_pem3.oem3 (.const:ti_sysbios_heaps_HeapMem_reqAlign__C)

.const:ti_sysbios_knl_Clock_triggerClock__C 
*          0    0000123c    00000004     
                  0000123c    00000004     release_pem3.oem3 (.const:ti_sysbios_knl_Clock_triggerClock__C)

.const:ti_sysbios_knl_Mailbox_Object__count__C 
*          0    00001240    00000004     
                  00001240    00000004     release_pem3.oem3 (.const:ti_sysbios_knl_Mailbox_Object__count__C)

.const:ti_sysbios_knl_Mailbox_Object__table__C 
*          0    00001244    00000004     
                  00001244    00000004     release_pem3.oem3 (.const:ti_sysbios_knl_Mailbox_Object__table__C)

.const:ti_sysbios_knl_Mailbox_maxTypeAlign__C 
*          0    00001248    00000004     
                  00001248    00000004     release_pem3.oem3 (.const:ti_sysbios_knl_Mailbox_maxTypeAlign__C)

.const:ti_sysbios_knl_Queue_Object__count__C 
*          0    0000124c    00000004     
                  0000124c    00000004     release_pem3.oem3 (.const:ti_sysbios_knl_Queue_Object__count__C)

.const:ti_sysbios_knl_Queue_Object__table__C 
*          0    00001250    00000004     
                  00001250    00000004     release_pem3.oem3 (.const:ti_sysbios_knl_Queue_Object__table__C)

.const:ti_sysbios_knl_Semaphore_eventPost__C 
*          0    00001254    00000004     
                  00001254    00000004     release_pem3.oem3 (.const:ti_sysbios_knl_Semaphore_eventPost__C)

.const:ti_sysbios_knl_Semaphore_eventSync__C 
*          0    00001258    00000004     
                  00001258    00000004     release_pem3.oem3 (.const:ti_sysbios_knl_Semaphore_eventSync__C)

.const:ti_sysbios_knl_Swi_Object__count__C 
*          0    0000125c    00000004     
                  0000125c    00000004     release_pem3.oem3 (.const:ti_sysbios_knl_Swi_Object__count__C)

.const:ti_sysbios_knl_Swi_Object__table__C 
*          0    00001260    00000004     
                  00001260    00000004     release_pem3.oem3 (.const:ti_sysbios_knl_Swi_Object__table__C)

.const:ti_sysbios_knl_Swi_numPriorities__C 
*          0    00001264    00000004     
                  00001264    00000004     release_pem3.oem3 (.const:ti_sysbios_knl_Swi_numPriorities__C)

.const:ti_sysbios_knl_Task_Object__count__C 
*          0    00001268    00000004     
                  00001268    00000004     release_pem3.oem3 (.const:ti_sysbios_knl_Task_Object__count__C)

.const:ti_sysbios_knl_Task_Object__table__C 
*          0    0000126c    00000004     
                  0000126c    00000004     release_pem3.oem3 (.const:ti_sysbios_knl_Task_Object__table__C)

.const:ti_sysbios_knl_Task_allBlockedFunc__C 
*          0    00001270    00000004     
                  00001270    00000004     release_pem3.oem3 (.const:ti_sysbios_knl_Task_allBlockedFunc__C)

.const:ti_sysbios_knl_Task_defaultStackHeap__C 
*          0    00001274    00000004     
                  00001274    00000004     release_pem3.oem3 (.const:ti_sysbios_knl_Task_defaultStackHeap__C)

.const:ti_sysbios_knl_Task_defaultStackSize__C 
*          0    00001278    00000004     
                  00001278    00000004     release_pem3.oem3 (.const:ti_sysbios_knl_Task_defaultStackSize__C)

.const:ti_sysbios_knl_Task_numConstructedTasks__C 
*          0    0000127c    00000004     
                  0000127c    00000004     release_pem3.oem3 (.const:ti_sysbios_knl_Task_numConstructedTasks__C)

.const:ti_sysbios_family_arm_cc26xx_Timer_Module__id__C 
*          0    00001280    00000002     
                  00001280    00000002     release_pem3.oem3 (.const:ti_sysbios_family_arm_cc26xx_Timer_Module__id__C)

.const:ti_sysbios_family_arm_cc26xx_TimestampProvider_useClockTimer__C 
*          0    00001282    00000002     
                  00001282    00000002     release_pem3.oem3 (.const:ti_sysbios_family_arm_cc26xx_TimestampProvider_useClockTimer__C)

.const:ti_sysbios_family_arm_m3_Hwi_Module__id__C 
*          0    00001284    00000002     
                  00001284    00000002     release_pem3.oem3 (.const:ti_sysbios_family_arm_m3_Hwi_Module__id__C)

.const:ti_sysbios_gates_GateHwi_Module__id__C 
*          0    00001286    00000002     
                  00001286    00000002     release_pem3.oem3 (.const:ti_sysbios_gates_GateHwi_Module__id__C)

.const:ti_sysbios_gates_GateMutex_Module__id__C 
*          0    00001288    00000002     
                  00001288    00000002     release_pem3.oem3 (.const:ti_sysbios_gates_GateMutex_Module__id__C)

.const:ti_sysbios_heaps_HeapMem_Module__id__C 
*          0    0000128a    00000002     
                  0000128a    00000002     release_pem3.oem3 (.const:ti_sysbios_heaps_HeapMem_Module__id__C)

.const:ti_sysbios_knl_Task_initStackFlag__C 
*          0    0000128c    00000002     
                  0000128c    00000002     release_pem3.oem3 (.const:ti_sysbios_knl_Task_initStackFlag__C)

.const:ti_sysbios_knl_Clock_tickMode__C 
*          0    0000128e    00000001     
                  0000128e    00000001     release_pem3.oem3 (.const:ti_sysbios_knl_Clock_tickMode__C)

.const:xdc_runtime_Startup_firstFxns__C 
*          0    00001290    00000008     
                  00001290    00000008     release_pem3.oem3 (.const:xdc_runtime_Startup_firstFxns__C)

.const:xdc_runtime_Startup_lastFxns__C 
*          0    00001298    00000008     
                  00001298    00000008     release_pem3.oem3 (.const:xdc_runtime_Startup_lastFxns__C)

.const:xdc_runtime_Assert_E_assertFailed__C 
*          0    000012a0    00000004     
                  000012a0    00000004     release_pem3.oem3 (.const:xdc_runtime_Assert_E_assertFailed__C)

.const:xdc_runtime_Error_E_memory__C 
*          0    000012a4    00000004     
                  000012a4    00000004     release_pem3.oem3 (.const:xdc_runtime_Error_E_memory__C)

.const:xdc_runtime_Error_policyFxn__C 
*          0    000012a8    00000004     
                  000012a8    00000004     release_pem3.oem3 (.const:xdc_runtime_Error_policyFxn__C)

.const:xdc_runtime_Error_raiseHook__C 
*          0    000012ac    00000004     
                  000012ac    00000004     release_pem3.oem3 (.const:xdc_runtime_Error_raiseHook__C)

.const:xdc_runtime_IGateProvider_Interface__BASE__C 
*          0    000012b0    00000004     
                  000012b0    00000004     release_pem3.oem3 (.const:xdc_runtime_IGateProvider_Interface__BASE__C)

.const:xdc_runtime_IHeap_Interface__BASE__C 
*          0    000012b4    00000004     
                  000012b4    00000004     release_pem3.oem3 (.const:xdc_runtime_IHeap_Interface__BASE__C)

.const:xdc_runtime_IModule_Interface__BASE__C 
*          0    000012b8    00000004     
                  000012b8    00000004     release_pem3.oem3 (.const:xdc_runtime_IModule_Interface__BASE__C)

.const:xdc_runtime_Memory_defaultHeapInstance__C 
*          0    000012bc    00000004     
                  000012bc    00000004     release_pem3.oem3 (.const:xdc_runtime_Memory_defaultHeapInstance__C)

.const:xdc_runtime_Startup_execImpl__C 
*          0    000012c0    00000004     
                  000012c0    00000004     release_pem3.oem3 (.const:xdc_runtime_Startup_execImpl__C)

.const:xdc_runtime_Startup_maxPasses__C 
*          0    000012c4    00000004     
                  000012c4    00000004     release_pem3.oem3 (.const:xdc_runtime_Startup_maxPasses__C)

.const:xdc_runtime_Startup_sfxnRts__C 
*          0    000012c8    00000004     
                  000012c8    00000004     release_pem3.oem3 (.const:xdc_runtime_Startup_sfxnRts__C)

.const:xdc_runtime_Startup_sfxnTab__C 
*          0    000012cc    00000004     
                  000012cc    00000004     release_pem3.oem3 (.const:xdc_runtime_Startup_sfxnTab__C)

.const:xdc_runtime_Startup_startModsFxn__C 
*          0    000012d0    00000004     
                  000012d0    00000004     release_pem3.oem3 (.const:xdc_runtime_Startup_startModsFxn__C)

.const:xdc_runtime_SysCallback_abortFxn__C 
*          0    000012d4    00000004     
                  000012d4    00000004     release_pem3.oem3 (.const:xdc_runtime_SysCallback_abortFxn__C)

.const:xdc_runtime_SysCallback_exitFxn__C 
*          0    000012d8    00000004     
                  000012d8    00000004     release_pem3.oem3 (.const:xdc_runtime_SysCallback_exitFxn__C)

.const:xdc_runtime_System_abortFxn__C 
*          0    000012dc    00000004     
                  000012dc    00000004     release_pem3.oem3 (.const:xdc_runtime_System_abortFxn__C)

.const:xdc_runtime_System_exitFxn__C 
*          0    000012e0    00000004     
                  000012e0    00000004     release_pem3.oem3 (.const:xdc_runtime_System_exitFxn__C)

.const:xdc_runtime_System_maxAtexitHandlers__C 
*          0    000012e4    00000004     
                  000012e4    00000004     release_pem3.oem3 (.const:xdc_runtime_System_maxAtexitHandlers__C)

.const:xdc_runtime_Text_charTab__C 
*          0    000012e8    00000004     
                  000012e8    00000004     release_pem3.oem3 (.const:xdc_runtime_Text_charTab__C)

.const:xdc_runtime_Text_nameEmpty__C 
*          0    000012ec    00000004     
                  000012ec    00000004     release_pem3.oem3 (.const:xdc_runtime_Text_nameEmpty__C)

.const:xdc_runtime_Text_nameStatic__C 
*          0    000012f0    00000004     
                  000012f0    00000004     release_pem3.oem3 (.const:xdc_runtime_Text_nameStatic__C)

.const:xdc_runtime_Text_nameUnknown__C 
*          0    000012f4    00000004     
                  000012f4    00000004     release_pem3.oem3 (.const:xdc_runtime_Text_nameUnknown__C)

.const:xdc_runtime_Error_maxDepth__C 
*          0    000012f8    00000002     
                  000012f8    00000002     release_pem3.oem3 (.const:xdc_runtime_Error_maxDepth__C)

.const:xdc_runtime_Memory_Module__id__C 
*          0    000012fa    00000002     
                  000012fa    00000002     release_pem3.oem3 (.const:xdc_runtime_Memory_Module__id__C)

.const:xdc_runtime_Text_charCnt__C 
*          0    000012fc    00000002     
                  000012fc    00000002     release_pem3.oem3 (.const:xdc_runtime_Text_charCnt__C)

.const:xdc_runtime_Text_isLoaded__C 
*          0    000012fe    00000002     
                  000012fe    00000002     release_pem3.oem3 (.const:xdc_runtime_Text_isLoaded__C)

.const:xdc_runtime_Error_policy__C 
*          0    00001300    00000001     
                  00001300    00000001     release_pem3.oem3 (.const:xdc_runtime_Error_policy__C)

.const:ti_sysbios_rom_ROM_ti_sysbios_family_arm_cc26xx_Timer_getCount64__E 
*          0    00001304    00000004     
                  00001304    00000004     release_pem3.oem3 (.const:ti_sysbios_rom_ROM_ti_sysbios_family_arm_cc26xx_Timer_getCount64__E)

.const:ti_sysbios_rom_ROM_ti_sysbios_family_arm_cc26xx_Timer_getCurrentTick__E 
*          0    00001308    00000004     
                  00001308    00000004     release_pem3.oem3 (.const:ti_sysbios_rom_ROM_ti_sysbios_family_arm_cc26xx_Timer_getCurrentTick__E)

.const:ti_sysbios_rom_ROM_ti_sysbios_family_arm_cc26xx_Timer_getMaxTicks__E 
*          0    0000130c    00000004     
                  0000130c    00000004     release_pem3.oem3 (.const:ti_sysbios_rom_ROM_ti_sysbios_family_arm_cc26xx_Timer_getMaxTicks__E)

.const:ti_sysbios_rom_ROM_ti_sysbios_family_arm_cc26xx_Timer_initDevice__I 
*          0    00001310    00000004     
                  00001310    00000004     release_pem3.oem3 (.const:ti_sysbios_rom_ROM_ti_sysbios_family_arm_cc26xx_Timer_initDevice__I)

.const:ti_sysbios_rom_ROM_ti_sysbios_family_arm_cc26xx_Timer_setNextTick__E 
*          0    00001314    00000004     
                  00001314    00000004     release_pem3.oem3 (.const:ti_sysbios_rom_ROM_ti_sysbios_family_arm_cc26xx_Timer_setNextTick__E)

.const:ti_sysbios_rom_ROM_ti_sysbios_family_arm_cc26xx_Timer_setThreshold__I 
*          0    00001318    00000004     
                  00001318    00000004     release_pem3.oem3 (.const:ti_sysbios_rom_ROM_ti_sysbios_family_arm_cc26xx_Timer_setThreshold__I)

.const:ti_sysbios_rom_ROM_ti_sysbios_family_arm_cc26xx_Timer_start__E 
*          0    0000131c    00000004     
                  0000131c    00000004     release_pem3.oem3 (.const:ti_sysbios_rom_ROM_ti_sysbios_family_arm_cc26xx_Timer_start__E)

.const:ti_sysbios_rom_ROM_ti_sysbios_family_arm_cc26xx_TimestampProvider_get32__E 
*          0    00001320    00000004     
                  00001320    00000004     release_pem3.oem3 (.const:ti_sysbios_rom_ROM_ti_sysbios_family_arm_cc26xx_TimestampProvider_get32__E)

.const:ti_sysbios_rom_ROM_xdc_runtime_Startup_getState__I 
*          0    00001324    00000004     
                  00001324    00000004     release_pem3.oem3 (.const:ti_sysbios_rom_ROM_xdc_runtime_Startup_getState__I)

.const:ti_sysbios_rom_ROM_xdc_runtime_System_SupportProxy_abort__E 
*          0    00001328    00000004     
                  00001328    00000004     release_pem3.oem3 (.const:ti_sysbios_rom_ROM_xdc_runtime_System_SupportProxy_abort__E)

.const:ti_sysbios_rom_ROM_xdc_runtime_System_SupportProxy_exit__E 
*          0    0000132c    00000004     
                  0000132c    00000004     release_pem3.oem3 (.const:ti_sysbios_rom_ROM_xdc_runtime_System_SupportProxy_exit__E)

.cinit     0    000054a8    00000284     
                  000054a8    0000013e     (.cinit..data.load) [load image, compression = lzss]
                  000055e6    00000028     (.cinit..data:ti_sysbios_family_arm_m3_Hwi_Module__state__V.load) [load image, compression = lzss]
                  0000560e    00000021     (.cinit..data:ti_sysbios_knl_Task_Module__state__V.load) [load image, compression = lzss]
                  0000562f    0000001f     (.cinit..data:ti_sysbios_BIOS_Module__state__V.load) [load image, compression = lzss]
                  0000564e    0000001d     (.cinit..data:ti_sysbios_knl_Clock_Module__state__V.load) [load image, compression = lzss]
                  0000566b    00000010     (.cinit..data:ti_sysbios_knl_Swi_Module__state__V.load) [load image, compression = lzss]
                  0000567b    00000001     --HOLE-- [fill = 0]
                  0000567c    0000000c     (__TI_handler_table)
                  00005688    0000000b     (.cinit..data:ti_sysbios_family_arm_cc26xx_Timer_Module__state__V.load) [load image, compression = lzss]
                  00005693    0000000b     (.cinit..data:xdc_runtime_System_Module__state__V.load) [load image, compression = lzss]
                  0000569e    00000002     --HOLE-- [fill = 0]
                  000056a0    00000008     (.cinit..bss.load) [load image, compression = zero_init]
                  000056a8    00000008     (.cinit..data:xdc_runtime_Memory_Module__state__V.load) [load image, compression = lzss]
                  000056b0    00000007     (.cinit..data:ti_sysbios_family_arm_cc26xx_TimestampProvider_Module__state__V.load) [load image, compression = lzss]
                  000056b7    00000007     (.cinit..data:xdc_runtime_Startup_Module__state__V.load) [load image, compression = lzss]
                  000056be    00000006     (.cinit..data:xdc_runtime_Error_Module__state__V.load) [load image, compression = lzss]
                  000056c4    00000068     (__TI_cinit_table)

.init_array 
*          0    00000000    00000000     UNINITIALIZED

.ccfg      0    0001ffa8    00000058     
                  0001ffa8    00000058     ccfg.obj (.ccfg:retain)

.data:ti_sysbios_knl_Task_Module__state__V 
*          0    20000100    00000044     UNINITIALIZED
                  20000100    00000044     release_pem3.oem3 (.data:ti_sysbios_knl_Task_Module__state__V)

.data:ti_sysbios_family_arm_m3_Hwi_Module__state__V 
*          0    20000144    00000034     UNINITIALIZED
                  20000144    00000034     release_pem3.oem3 (.data:ti_sysbios_family_arm_m3_Hwi_Module__state__V)

.data:ti_sysbios_knl_Clock_Module__state__V 
*          0    20000178    0000002c     UNINITIALIZED
                  20000178    0000002c     release_pem3.oem3 (.data:ti_sysbios_knl_Clock_Module__state__V)

.data:ti_sysbios_BIOS_Module__state__V 
*          0    200001a4    00000024     UNINITIALIZED
                  200001a4    00000024     release_pem3.oem3 (.data:ti_sysbios_BIOS_Module__state__V)

.data:ti_sysbios_knl_Swi_Module__state__V 
*          0    200001c8    0000001c     UNINITIALIZED
                  200001c8    0000001c     release_pem3.oem3 (.data:ti_sysbios_knl_Swi_Module__state__V)

.data:ti_sysbios_family_arm_cc26xx_Timer_Module__state__V 
*          0    200001e4    00000008     UNINITIALIZED
                  200001e4    00000008     release_pem3.oem3 (.data:ti_sysbios_family_arm_cc26xx_Timer_Module__state__V)

.data:ti_sysbios_family_arm_cc26xx_TimestampProvider_Module__state__V 
*          0    200001ec    00000004     UNINITIALIZED
                  200001ec    00000004     release_pem3.oem3 (.data:ti_sysbios_family_arm_cc26xx_TimestampProvider_Module__state__V)

.data:xdc_runtime_Startup_Module__state__V 
*          0    200001f0    00000008     UNINITIALIZED
                  200001f0    00000008     release_pem3.oem3 (.data:xdc_runtime_Startup_Module__state__V)

.data:xdc_runtime_System_Module__state__V 
*          0    200001f8    00000008     UNINITIALIZED
                  200001f8    00000008     release_pem3.oem3 (.data:xdc_runtime_System_Module__state__V)

.data:xdc_runtime_Memory_Module__state__V 
*          0    20000200    00000004     UNINITIALIZED
                  20000200    00000004     release_pem3.oem3 (.data:xdc_runtime_Memory_Module__state__V)

.data:xdc_runtime_Error_Module__state__V 
*          0    20000204    00000002     UNINITIALIZED
                  20000204    00000002     release_pem3.oem3 (.data:xdc_runtime_Error_Module__state__V)

.bss       0    20001208    000005b1     UNINITIALIZED
                  20001208    00000200     release_pem3.oem3 (.bss:taskStackSection)
                  20001408    0000012c     (.common:uartCC26XXObjects)
                  20001534    000000e0     (.common:i2cCC26xxObjects)
                  20001614    000000c8     (.common:ti_sysbios_family_arm_m3_Hwi_dispatchTable)
                  200016dc    00000080     CC2640R2_LAUNCHXL.obj (.bss:uartStringBuf)
                  2000175c    00000020     (.common:uartCC26XXRingBuffer)
                  2000177c    00000014     driverlib.lib : osc.obj (.bss:oscHfGlobals)
                  20001790    0000000c     (.common:displayUartObject)
                  2000179c    00000008     dpl_cc26x0r2.aem3 : PowerCC26XX_tirtos.oem3 (.bss:$O1$$)
                  200017a4    00000008     driverlib.lib : sys_ctrl.obj (.bss:powerQualGlobals)
                  200017ac    00000004     i2ctmp.obj (.bss)
                  200017b0    00000004     (.common:ClockP_tickPeriod)
                  200017b4    00000004     (.common:i2c)
                  200017b8    00000001     (.common:driverlib_release_0_56883)

.data      0    200017c0    0000059c     UNINITIALIZED
                  200017c0    00000114     drivers_cc26x0r2.aem3 : PINCC26XX.oem3 (.data:$O1$$)
                  200018d4    00000114                           : PowerCC26XX.oem3 (.data:PowerCC26XX_module)
                  200019e8    00000088     rom_sysbios.aem3 : rom_sysbios.obj (.data:$O1$$)
                  20001a70    00000054     release_pem3.oem3 (.data:ti_sysbios_gates_GateMutex_Object__table__V)
                  20001ac4    0000004c     release_pem3.oem3 (.data:ti_sysbios_knl_Task_Object__table__V)
                  20001b10    00000048     release_pem3.oem3 (.data:ti_sysbios_family_arm_cc26xx_Timer_Object__table__V)
                  20001b58    00000040     drivers_cc26x0r2.aem3 : GPIOCC26XX.oem3 (.data:$O1$$)
                  20001b98    00000030     CC2640R2_LAUNCHXL.obj (.data:gpioPinConfigs)
                  20001bc8    00000030     release_pem3.oem3 (.data:ti_sysbios_knl_Swi_Module_State_0_readyQ__A)
                  20001bf8    00000030     release_pem3.oem3 (.data:ti_sysbios_knl_Swi_Object__table__V)
                  20001c28    00000030     release_pem3.oem3 (.data:ti_sysbios_knl_Task_Module_State_0_readyQ__A)
                  20001c58    00000020     release_pem3.oem3 (.data:ti_sysbios_knl_Clock_Object__table__V)
                  20001c78    00000020     release_pem3.oem3 (.data:xdc_runtime_Error_IgnoreBlock)
                  20001c98    00000018     release_pem3.oem3 (.data:ti_sysbios_family_arm_m3_Hwi_Object__table__V)
                  20001cb0    00000018     release_pem3.oem3 (.data:ti_sysbios_heaps_HeapMem_Object__table__V)
                  20001cc8    00000010     CC2640R2_LAUNCHXL.obj (.data:gpioCallbackFunctions)
                  20001cd8    00000008     rtsv7M3_T_le_eabi.lib : _lock.c.obj (.data:$O1$$)
                  20001ce0    00000008     release_pem3.oem3 (.data:ti_sysbios_family_arm_m3_Hwi_Module__root__V)
                  20001ce8    00000008     release_pem3.oem3 (.data:ti_sysbios_gates_GateHwi_Module__root__V)
                  20001cf0    00000008     release_pem3.oem3 (.data:ti_sysbios_gates_GateMutex_Module__root__V)
                  20001cf8    00000008     release_pem3.oem3 (.data:ti_sysbios_hal_Hwi_Module__root__V)
                  20001d00    00000008     release_pem3.oem3 (.data:ti_sysbios_heaps_HeapMem_Module__root__V)
                  20001d08    00000008     release_pem3.oem3 (.data:ti_sysbios_knl_Clock_Module__root__V)
                  20001d10    00000008     release_pem3.oem3 (.data:ti_sysbios_knl_Event_Module__root__V)
                  20001d18    00000008     release_pem3.oem3 (.data:ti_sysbios_knl_Mailbox_Module__root__V)
                  20001d20    00000008     release_pem3.oem3 (.data:ti_sysbios_knl_Queue_Module__root__V)
                  20001d28    00000008     release_pem3.oem3 (.data:ti_sysbios_knl_Semaphore_Module__root__V)
                  20001d30    00000008     release_pem3.oem3 (.data:ti_sysbios_knl_Swi_Module__root__V)
                  20001d38    00000008     release_pem3.oem3 (.data:ti_sysbios_knl_Task_Module__root__V)
                  20001d40    00000008     release_pem3.oem3 (.data:xdc_runtime_System_Module_State_0_atexitHandlers__A)
                  20001d48    00000004     rtsv7M3_T_le_eabi.lib : stkdepth_vars.c.obj (.data)
                  20001d4c    00000004     release_pem3.oem3 (.data:ti_sysbios_family_arm_m3_Hwi_Module_State_0_excContext__A)
                  20001d50    00000004     release_pem3.oem3 (.data:ti_sysbios_family_arm_m3_Hwi_Module_State_0_excStack__A)
                  20001d54    00000004     release_pem3.oem3 (.data:ti_sysbios_knl_Task_Module_State_0_idleTask__A)
                  20001d58    00000002     release_pem3.oem3 (.data:ti_sysbios_family_arm_m3_Hwi_Module_State_0_excActive__A)
                  20001d5a    00000001     drivers_cc26x0r2.aem3 : I2C.oem3 (.data)
                  20001d5b    00000001                           : UART.oem3 (.data)

.priheap   0    20000208    00001000     UNINITIALIZED
                  20000208    00001000     --HOLE--

.stack     0    20004c00    00000400     UNINITIALIZED
                  20004c00    00000400     --HOLE--

.bootVecs 
*          0    00000000    00000008     DSECT
                  00000000    00000008     boot.aem3 : boot.oem3 (.bootVecs)

.resetVecs 
*          0    00000000    0000003c     
                  00000000    0000003c     release_pem3.oem3 (.resetVecs)

.vecs      0    20000000    000000c8     NOLOAD SECTION
                  20000000    000000c8     release_pem3.oem3 (.vecs)

xdc.meta   0    00000000    00000105     COPY SECTION
                  00000000    00000105     release_pem3.oem3 (xdc.meta)

xdc.noload 
*          0    00000000    00000000     COPY SECTION

.binit     0    00000000    00000000     

.text.1    0    0000003c    00000fc4     
                  0000003c    00000320     rom_sysbios.aem3 : rom_sysbios.obj (.text:xdc_runtime_System_doPrint__I)
                  0000035c    00000314     drivers_cc26x0r2.aem3 : PowerCC26XX_calibrateRCOSC.oem3 (.text:PowerCC26XX_auxISR)
                  00000670    0000022c                           : PowerCC26XX.oem3 (.text:Power_sleep)
                  0000089c    00000008     (.tramp.ti_sysbios_knl_Swi_restore__E.1)
                  000008a4    00000220     driverlib.lib : sys_ctrl.obj (.text:NOROM_SysCtrlSetRechargeBeforePowerDown)
                  00000ac4    000001b6     rtsv7M3_T_le_eabi.lib : fd_add_t2.asm.obj (.text)
                  00000c7a    00000002     display.aem3 : DisplayUart.oem3 (.text:DisplayUartMin_clear)
                  00000c7c    000001b0     drivers_cc26x0r2.aem3 : PINCC26XX.oem3 (.text:PIN_init)
                  00000e2c    00000190                           : PowerCC26XX_calibrateRCOSC.oem3 (.text:PowerCC26XX_doCalibrate)
                  00000fbc    00000044                           : I2CCC26XX.oem3 (.text:I2CCC26XX_initHw)

.text.2    0    00001330    00003e48     
                  00001330    0000017c     release_pem3.oem3 (.text:xdc_runtime_System_printfExtend__I)
                  000014ac    00000160     i2ctmp.obj (.text:mainThread)
                  0000160c    0000015c     drivers_cc26x0r2.aem3 : UARTCC26XX.oem3 (.text:UARTCC26XX_open)
                  00001768    0000014c                           : I2CCC26XX.oem3 (.text:I2CCC26XX_open)
                  000018b4    00000148                           : UARTCC26XX.oem3 (.text:UARTCC26XX_hwiIntFxn)
                  000019fc    00000136                           : UARTCC26XX.oem3 (.text:UARTCC26XX_read)
                  00001b32    00000002     display.aem3 : DisplayUart.oem3 (.text:DisplayUartMin_clearLines)
                  00001b34    0000012c     drivers_cc26x0r2.aem3 : PowerCC26XX.oem3 (.text:Power_init)
                  00001c60    00000114                           : I2CCC26XX.oem3 (.text:I2CCC26XX_hwiFxn)
                  00001d74    00000110                           : GPIOCC26XX.oem3 (.text:GPIO_setConfig)
                  00001e84    000000fc     rtsv7M3_T_le_eabi.lib : fd_mul_t2.asm.obj (.text)
                  00001f80    000000f0     drivers_cc26x0r2.aem3 : PINCC26XX.oem3 (.text:PINCC26XX_setIoCfg)
                  00002070    000000ec     rom_sysbios.aem3 : rom_sysbios.obj (.text:pthread_create)
                  0000215c    000000e8     dpl_cc26x0r2.aem3 : PowerCC26XX_tirtos.oem3 (.text:PowerCC26XX_standbyPolicy)
                  00002244    000000e2     drivers_cc26x0r2.aem3 : UARTCC26XX.oem3 (.text:UARTCC26XX_write)
                  00002326    000000d6                           : I2CCC26XX.oem3 (.text:I2CCC26XX_transfer)
                  000023fc    000000bc                           : PowerCC26XX.oem3 (.text:Power_releaseDependency)
                  000024b8    000000b4                           : PowerCC26XX.oem3 (.text:Power_setDependency)
                  0000256c    000000ac     driverlib.lib : setup.obj (.text:NOROM_SetupTrimDevice)
                  00002618    000000a8     drivers_cc26x0r2.aem3 : GPIOCC26XX.oem3 (.text:GPIO_init)
                  000026c0    000000a4                           : PowerCC26XX.oem3 (.text:switchXOSCHFclockFunc)
                  00002764    000000a0                           : PINCC26XX.oem3 (.text:PIN_open)
                  00002804    000000a0     auto_init.aem3 : auto_init.oem3 (.text)
                  000028a4    000000a0     rom_sysbios.aem3 : rom_sysbios.obj (.text:ti_sysbios_knl_Task_setPri__E)
                  00002944    0000009c     rtsv7M3_T_le_eabi.lib : memcpy_t2.asm.obj (.text)
                  000029e0    00000098     drivers_cc26x0r2.aem3 : UARTCC26XX.oem3 (.text:UARTCC26XX_initHw)
                  00002a78    00000098                           : UARTCC26XX.oem3 (.text:UARTCC26XX_initIO)
                  00002b10    00000098     rom_sysbios.aem3 : rom_sysbios.obj (.text:ti_sysbios_knl_Clock_workFuncDynamic__E)
                  00002ba8    00000096     rtsv7M3_T_le_eabi.lib : ull_div_t2.asm.obj (.text)
                  00002c3e    00000002     display.aem3 : DisplayUart.oem3 (.text:DisplayUartMin_init)
                  00002c40    00000090     drivers_cc26x0r2.aem3 : I2CCC26XX.oem3 (.text:I2CCC26XX_cancel)
                  00002cd0    00000090     driverlib.lib : setup.obj (.text:TrimAfterColdResetWakeupFromShutDown)
                  00002d60    00000090     rom_sysbios.aem3 : rom_sysbios.obj (.text:ti_sysbios_family_arm_cc26xx_Timer_start__E)
                  00002df0    0000008e     drivers_cc26x0r2.aem3 : UARTCC26XX.oem3 (.text:UARTCC26XX_writeCancel)
                  00002e7e    00000002     rtsv7M3_T_le_eabi.lib : _lock.c.obj (.text:_nop)
                  00002e80    0000008c     drivers_cc26x0r2.aem3 : I2CCC26XX.oem3 (.text:I2CCC26XX_primeTransfer)
                  00002f0c    00000088     rom_sysbios.aem3 : rom_sysbios.obj (.text:_pthread_removeThreadKeys)
                  00002f94    00000086     rtsv7M3_T_le_eabi.lib : fd_cmp_t2.asm.obj (.text:__aeabi_cdcmple)
                  0000301a    00000086                           : fd_cmp_t2.asm.obj (.text:__aeabi_cdrcmple)
                  000030a0    00000084     CC2640R2_LAUNCHXL_fxns.obj (.text:CC2640R2_LAUNCHXL_sendExtFlashByte)
                  00003124    00000084     drivers_cc26x0r2.aem3 : UARTCC26XX.oem3 (.text:UARTCC26XX_close)
                  000031a8    00000080                           : UARTCC26XX.oem3 (.text:writeTxFifoFlush)
                  00003228    0000007a     rtsv7M3_T_le_eabi.lib : memset_t2.asm.obj (.text)
                  000032a2    00000002     drivers_cc26x0r2.aem3 : PowerCC26XX.oem3 (.text:emptyClockFunc)
                  000032a4    00000070     driverlib.lib : sys_ctrl.obj (.text:NOROM_SysCtrlAdjustRechargeAfterPowerDown)
                  00003314    00000070     drivers_cc26x0r2.aem3 : PowerCC26XX.oem3 (.text:lfClockReadyCallback)
                  00003384    0000006d     rom_sysbios.aem3 : rom_sysbios.obj (.text:xdc_runtime_System_formatNum__I)
                  000033f1    00000001     --HOLE-- [fill = 0]
                  000033f2    00000002     rtsv7M3_T_le_eabi.lib : div0.asm.obj (.text)
                  000033f4    0000006c     driverlib.lib : osc.obj (.text:NOROM_OSCHF_AttemptToSwitchToXosc)
                  00003460    0000006c     drivers_cc26x0r2.aem3 : PowerCC26XX_calibrateRCOSC.oem3 (.text:PowerCC26XX_initiateCalibration)
                  000034cc    0000006c                           : PowerCC26XX.oem3 (.text:configureXOSCHF)
                  00003538    00000068                           : I2CCC26XX.oem3 (.text:I2CCC26XX_swiFxn)
                  000035a0    00000068     driverlib.lib : sys_ctrl.obj (.text:NOROM_SysCtrl_DCDC_VoltageConditionalControl)
                  00003608    00000068     drivers_cc26x0r2.aem3 : PINCC26XX.oem3 (.text:PIN_add)
                  00003670    00000068     rtsv7M3_T_le_eabi.lib : copy_decompress_lzss.c.obj (.text:decompress:lzss:__TI_decompress_lzss)
                  000036d8    00000064     main_tirtos.obj (.text:main)
                  0000373c    00000060     drivers_cc26x0r2.aem3 : PowerCC26XX.oem3 (.text:PowerCC26XX_calibrate)
                  0000379c    0000005e                           : UARTCC26XX.oem3 (.text:UARTCC26XX_swiIntFxn)
                  000037fa    00000002     release_pem3.oem3 (.text:ti_sysbios_BIOS_nullFunc__I)
                  000037fc    0000005c     display.aem3 : Display.oem3 (.text:Display_doOpen)
                  00003858    0000005c     drivers_cc26x0r2.aem3 : I2CCC26XX.oem3 (.text:I2CCC26XX_close)
                  000038b4    0000005c                           : PowerCC26XX_calibrateRCOSC.oem3 (.text:PowerCC26XX_RCOSC_clockFunc)
                  00003910    0000005c     rom_sysbios.aem3 : rom_sysbios.obj (.text:ti_sysbios_heaps_HeapMem_initPrimary__I)
                  0000396c    0000005c     release_pem3.oem3 (.text:xdc_runtime_Startup_getState__I)
                  000039c8    00000058     drivers_cc26x0r2.aem3 : PINCC26XX.oem3 (.text:PIN_remove)
                  00003a20    00000058                           : UARTCC26XX.oem3 (.text:UARTCC26XX_control)
                  00003a78    00000058     rom_sysbios.aem3 : rom_sysbios.obj (.text:pthread_exit)
                  00003ad0    00000050     dpl_cc26x0r2.aem3 : ClockP_tirtos.oem3 (.text:ClockP_construct)
                  00003b20    00000050     drivers_cc26x0r2.aem3 : UARTCC26XX.oem3 (.text:startTxFifoEmptyClk)
                  00003b70    0000004c     CC2640R2_LAUNCHXL_fxns.obj (.text:CC2640R2_LAUNCHXL_wakeUpExtFlash)
                  00003bbc    0000004c     rtsv7M3_T_le_eabi.lib : cpy_tbl.c.obj (.text:copy_in)
                  00003c08    0000004a     display.aem3 : DisplayUart.oem3 (.text:DisplayUartMin_open)
                  00003c52    0000004a     drivers_cc26x0r2.aem3 : UARTCC26XX.oem3 (.text:UARTCC26XX_readCancel)
                  00003c9c    00000048                           : PINCC26XX.oem3 (.text:PIN_setOutputEnable)
                  00003ce4    00000048     rtsv7M3_T_le_eabi.lib : fd_toi_t2.asm.obj (.text)
                  00003d2c    00000048     rom_sysbios.aem3 : rom_sysbios.obj (.text:ti_sysbios_family_arm_cc26xx_Timer_setThreshold__I)
                  00003d74    00000048     drivers_cc26x0r2.aem3 : UARTCC26XX.oem3 (.text:writeFinishedDoCallback)
                  00003dbc    00000046     display.aem3 : DisplayUart.oem3 (.text:DisplayUartMin_vprintf)
                  00003e02    00000002     rom_sysbios.aem3 : rom_sysbios.obj (.text:xdc_runtime_SysCallback_defaultAbort)
                  00003e04    00000044     driverlib.lib : osc.obj (.text:NOROM_OSCHF_SwitchToRcOscTurnOffXosc)
                  00003e48    00000044     drivers_cc26x0r2.aem3 : RingBuf.oem3 (.text:RingBuf_put)
                  00003e8c    00000044     boot.aem3 : boot.oem3 (.text)
                  00003ed0    00000044     rtsv7M3_T_le_eabi.lib : fd_tou_t2.asm.obj (.text)
                  00003f14    00000040     CC2640R2_LAUNCHXL_fxns.obj (.text:CC2640R2_LAUNCHXL_shutDownExtFlash)
                  00003f54    00000040     drivers_cc26x0r2.aem3 : I2C.oem3 (.text:I2C_init)
                  00003f94    00000040                           : I2C.oem3 (.text:I2C_open)
                  00003fd4    00000040                           : PINCC26XX.oem3 (.text:PIN_swi)
                  00004014    00000040                           : UART.oem3 (.text:UART_init)
                  00004054    00000040                           : UART.oem3 (.text:UART_open)
                  00004094    00000040     rtsv7M3_T_le_eabi.lib : u_divt2.asm.obj (.text)
                  000040d4    0000003e     dpl_cc26x0r2.aem3 : HwiP_tirtos.oem3 (.text:HwiP_construct)
                  00004112    0000003e     drivers_cc26x0r2.aem3 : RingBuf.oem3 (.text:RingBuf_get)
                  00004150    0000003c                           : GPIOCC26XX.oem3 (.text:GPIO_setCallback)
                  0000418c    0000003c     driverlib.lib : i2c.obj (.text:NOROM_I2CMasterInitExpClk)
                  000041c8    0000003c                   : osc.obj (.text:NOROM_OSC_HPOSCRelativeFrequencyOffsetGet)
                  00004204    0000003c     dpl_cc26x0r2.aem3 : SwiP_tirtos.oem3 (.text:SwiP_construct)
                  00004240    0000003c     drivers_cc26x0r2.aem3 : PowerCC26XX.oem3 (.text:disableLfClkQualifiersEnableClkLoss)
                  0000427c    0000003c     rom_sysbios.aem3 : rom_sysbios.obj (.text:sleep)
                  000042b8    0000003c                      : rom_sysbios.obj (.text:ti_sysbios_family_arm_m3_Hwi_construct2__E)
                  000042f4    00000038     drivers_cc26x0r2.aem3 : PINCC26XX.oem3 (.text:PIN_setConfig)
                  0000432c    00000038                           : PINCC26XX.oem3 (.text:PIN_setOutputValue)
                  00004364    00000038     rtsv7M3_T_le_eabi.lib : fs_tod_t2.asm.obj (.text)
                  0000439c    00000036     rom_sysbios.aem3 : rom_sysbios.obj (.text:ti_sysbios_family_arm_cc26xx_Timer_setNextTick__E)
                  000043d2    00000002                      : rom_sysbios.obj (.text:xdc_runtime_SysCallback_defaultExit)
                  000043d4    00000034     drivers_cc26x0r2.aem3 : PowerCC26XX.oem3 (.text:Power_releaseConstraint)
                  00004408    00000034                           : PowerCC26XX.oem3 (.text:notify)
                  0000443c    00000034     rom_sysbios.aem3 : rom_sysbios.obj (.text:ti_sysbios_family_arm_cc26xx_Timer_initDevice__I)
                  00004470    00000030     drivers_cc26x0r2.aem3 : GPIOCC26XX.oem3 (.text:GPIO_hwiIntFxn)
                  000044a0    00000030                           : PINCC26XX.oem3 (.text:PINCC26XX_setMux)
                  000044d0    00000030                           : PowerCC26XX.oem3 (.text:Power_setConstraint)
                  00004500    00000030     release_pem3.oem3 (.text:ti_sysbios_BIOS_atExitFunc__I)
                  00004530    00000030     release_pem3.oem3 (.text:ti_sysbios_BIOS_startFunc__I)
                  00004560    00000030     rom_sysbios.aem3 : rom_sysbios.obj (.text:ti_sysbios_family_arm_cc26xx_Timer_getCurrentTick__E)
                  00004590    0000002e     drivers_cc26x0r2.aem3 : UARTCC26XX.oem3 (.text:readData)
                  000045be    0000002e     rtsv7M3_T_le_eabi.lib : i_tofd_t2.asm.obj (.text)
                  000045ec    0000002e     drivers_cc26x0r2.aem3 : UARTCC26XX.oem3 (.text:writeData)
                  0000461a    00000002     rom_sysbios.aem3 : rom_sysbios.obj (.text:xdc_runtime_SysCallback_defaultPutch)
                  0000461c    0000002c     driverlib.lib : chipinfo.obj (.text:NOROM_ChipInfo_GetChipFamily)
                  00004648    0000002c     dpl_cc26x0r2.aem3 : SemaphoreP_tirtos.oem3 (.text:SemaphoreP_constructBinary)
                  00004674    0000002c                       : SemaphoreP_tirtos.oem3 (.text:SemaphoreP_createBinary)
                  000046a0    0000002c     rom_sysbios.aem3 : rom_sysbios.obj (.text:_pthread_delete$44)
                  000046cc    0000002c                      : rom_sysbios.obj (.text:pthread_setcancelstate)
                  000046f8    0000002c                      : rom_sysbios.obj (.text:ti_sysbios_knl_Clock_getTicksUntilInterrupt__E)
                  00004724    0000002a     display.aem3 : Display.oem3 (.text:Display_doPrintf)
                  0000474e    0000002a     rom_sysbios.aem3 : rom_sysbios.obj (.text:xdc_runtime_System_putchar__I)
                  00004778    00000028     display.aem3 : Display.oem3 (.text:Display_doInit)
                  000047a0    00000028     driverlib.lib : chipinfo.obj (.text:NOROM_ChipInfo_GetChipType)
                  000047c8    00000028     drivers_cc26x0r2.aem3 : PowerCC26XX.oem3 (.text:Power_registerNotify)
                  000047f0    00000028     driverlib.lib : adi.obj (.text:SafeHapiVoid)
                  00004818    00000028     drivers_cc26x0r2.aem3 : UARTCC26XX.oem3 (.text:readData2RingBuf)
                  00004840    00000024                           : List.oem3 (.text:List_remove)
                  00004864    00000024     driverlib.lib : osc.obj (.text:NOROM_OSCHF_TurnOnXosc)
                  00004888    00000024     rom_sysbios.aem3 : rom_sysbios.obj (.text:_pthread_cleanupFxn)
                  000048ac    00000024                      : rom_sysbios.obj (.text:pthread_attr_init)
                  000048d0    00000024     release_pem3.oem3 (.text:ti_sysbios_BIOS_registerRTSLock__I)
                  000048f4    00000024     release_pem3.oem3 (.text:ti_sysbios_BIOS_removeRTSLock__I)
                  00004918    00000024     rom_sysbios.aem3 : rom_sysbios.obj (.text:ti_sysbios_family_arm_cc26xx_Timer_getMaxTicks__E)
                  0000493c    00000022     drivers_cc26x0r2.aem3 : List.oem3 (.text:List_put)
                  0000495e    00000022     driverlib.lib : uart.obj (.text:NOROM_UARTConfigSetExpClk)
                  00004980    00000020                   : i2c.obj (.text:NOROM_I2CMasterErr)
                  000049a0    00000020                   : uart.obj (.text:NOROM_UARTDisable)
                  000049c0    00000020     drivers_cc26x0r2.aem3 : PINCC26XX.oem3 (.text:PINCC26XX_setIoCfgMux)
                  000049e0    00000020                           : PowerCC26XX.oem3 (.text:Power_unregisterNotify)
                  00004a00    00000020                           : UARTCC26XX.oem3 (.text:threadSafeStdbyDisRelease)
                  00004a20    00000020                           : UARTCC26XX.oem3 (.text:threadSafeStdbyDisSet)
                  00004a40    00000020     release_pem3.oem3 (.text:ti_sysbios_BIOS_rtsLock__I)
                  00004a60    00000020     rom_sysbios.aem3 : rom_sysbios.obj (.text:ti_sysbios_family_arm_cc26xx_Timer_dynamicStub__E)
                  00004a80    00000020                      : rom_sysbios.obj (.text:xdc_runtime_Error_policyMin__E)
                  00004aa0    0000001e     drivers_cc26x0r2.aem3 : PINCC26XX.oem3 (.text:PIN_close)
                  00004abe    0000001e                           : PowerCC26XX.oem3 (.text:Power_getTransitionLatency)
                  00004adc    0000001c     CC2640R2_LAUNCHXL.obj (.text:CC2640R2_LAUNCHXL_initGeneral)
                  00004af8    0000001c     drivers_cc26x0r2.aem3 : PINCC26XX.oem3 (.text:PIN_hwi)
                  00004b14    0000001c     rom_sysbios.aem3 : rom_sysbios.obj (.text:ti_sysbios_knl_Swi_construct2__E)
                  00004b30    00000018     driverlib.lib : chipinfo.obj (.text:NOROM_ChipInfo_GetPackageType)
                  00004b48    00000018     dpl_cc26x0r2.aem3 : PowerCC26XX_tirtos.oem3 (.text:PowerCC26XX_schedulerDisable)
                  00004b60    00000018                       : PowerCC26XX_tirtos.oem3 (.text:PowerCC26XX_schedulerRestore)
                  00004b78    00000018     drivers_cc26x0r2.aem3 : PowerCC26XX.oem3 (.text:Power_idleFunc)
                  00004b90    00000018                           : UART.oem3 (.text:UART_Params_init)
                  00004ba8    00000018     rtsv7M3_T_le_eabi.lib : args_main.c.obj (.text:_args_main)
                  00004bc0    00000018                           : ll_mul_t2.asm.obj (.text)
                  00004bd8    00000018     release_pem3.oem3 (.text:ti_sysbios_BIOS_rtsUnlock__I)
                  00004bf0    00000018     rom_sysbios.aem3 : rom_sysbios.obj (.text:ti_sysbios_knl_Swi_or__E)
                  00004c08    00000018                      : rom_sysbios.obj (.text:xdc_runtime_Error_init__E)
                  00004c20    00000016     display.aem3 : DisplayUart.oem3 (.text:DisplayUartMin_close)
                  00004c36    00000016     rom_sysbios.aem3 : rom_sysbios.obj (.text:_pthread_cleanup_pop)
                  00004c4c    00000016     release_pem3.oem3 (.text:ti_sysbios_BIOS_errorRaiseHook__I)
                  00004c62    00000016     release_pem3.oem3 (.text:ti_sysbios_BIOS_exitFunc__I)
                  00004c78    00000014     drivers_cc26x0r2.aem3 : PowerCC26XX.oem3 (.text:configureRFCoreClocks)
                  00004c8c    00000014     rom_sysbios.aem3 : rom_sysbios.obj (.text:pthread_attr_setschedparam)
                  00004ca0    00000014     rtsv7M3_T_le_eabi.lib : strlen.c.obj (.text:strlen)
                  00004cb4    00000014     rom_sysbios.aem3 : rom_sysbios.obj (.text:ti_sysbios_family_arm_cc26xx_Timer_getCount64__E)
                  00004cc8    00000014     release_pem3.oem3 (.text:ti_sysbios_knl_Clock_doTick__I)
                  00004cdc    00000012     drivers_cc26x0r2.aem3 : RingBuf.oem3 (.text:RingBuf_construct)
                  00004cee    00000012     dpl_cc26x0r2.aem3 : SemaphoreP_tirtos.oem3 (.text:SemaphoreP_pend)
                  00004d00    00000012     rom_sysbios.aem3 : rom_sysbios.obj (.text:_pthread_runStub$44)
                  00004d12    00000012     release_pem3.oem3 (.text:xdc_runtime_Startup_exec__I)
                  00004d24    00000010     dpl_cc26x0r2.aem3 : HwiP_tirtos.oem3 (.text:HwiP_Params_init)
                  00004d34    00000010     drivers_cc26x0r2.aem3 : I2C.oem3 (.text:I2C_Params_init)
                  00004d44    00000010                           : PINCC26XX.oem3 (.text:PINCC26XX_getPinCount)
                  00004d54    00000010     dpl_cc26x0r2.aem3 : SwiP_tirtos.oem3 (.text:SwiP_Params_init)
                  00004d64    00000010     drivers_cc26x0r2.aem3 : I2CCC26XX.oem3 (.text:i2cPostNotify)
                  00004d74    00000010                           : UARTCC26XX.oem3 (.text:uartPostNotify)
                  00004d84    00000010     rom_sysbios.aem3 : rom_sysbios.obj (.text:xdc_runtime_SysCallback_putch__E)
                  00004d94    00000010                      : rom_sysbios.obj (.text:xdc_runtime_SysCallback_ready__E)
                  00004da4    00000010                      : rom_sysbios.obj (.text:xdc_runtime_System_vsnprintf__E)
                  00004db4    0000000e     driverlib.lib : chipinfo.obj (.text:NOROM_ThisLibraryIsFor_CC26x0R2_HaltIfViolated)
                  00004dc2    0000000e                   : uart.obj (.text:NOROM_UARTCharGetNonBlocking)
                  00004dd0    0000000e                   : uart.obj (.text:NOROM_UARTCharPutNonBlocking)
                  00004dde    0000000e     rtsv7M3_T_le_eabi.lib : copy_decompress_none.c.obj (.text:decompress:none:__TI_decompress_none)
                  00004dec    0000000e     rom_sysbios.aem3 : rom_sysbios.obj (.text:pthread_attr_setdetachstate)
                  00004dfa    0000000e                      : rom_sysbios.obj (.text:ti_sysbios_family_arm_cc26xx_TimestampProvider_get32__E)
                  00004e08    0000000c     driverlib.lib : cpu.obj (.text:NOROM_CPUcpsid)
                  00004e14    0000000c                   : cpu.obj (.text:NOROM_CPUcpsie)
                  00004e20    0000000c                   : osc.obj (.text:NOROM_OSC_HPOSCRelativeFrequencyOffsetToRFCoreFormatConvert)
                  00004e2c    0000000c     drivers_cc26x0r2.aem3 : PINCC26XX.oem3 (.text:PIN_registerIntCb)
                  00004e38    0000000c                           : PowerCC26XX.oem3 (.text:Power_getConstraintMask)
                  00004e44    0000000c                           : PowerCC26XX.oem3 (.text:Power_getDependencyCount)
                  00004e50    0000000c     dpl_cc26x0r2.aem3 : SemaphoreP_tirtos.oem3 (.text:SemaphoreP_delete)
                  00004e5c    0000000c     rtsv7M3_T_le_eabi.lib : _lock.c.obj (.text:_register_lock)
                  00004e68    0000000c                           : _lock.c.obj (.text:_register_unlock)
                  00004e74    0000000c                           : copy_zero_init.c.obj (.text:decompress:ZI:__TI_zero_init)
                  00004e80    0000000c     rom_sysbios.aem3 : rom_sysbios.obj (.text:pthread_self)
                  00004e8c    0000000c                      : rom_sysbios.obj (.text:ti_sysbios_knl_Swi_getTrigger__E)
                  00004e98    0000000a     dpl_cc26x0r2.aem3 : ClockP_tirtos.oem3 (.text:ClockP_Params_init)
                  00004ea2    0000000a     drivers_cc26x0r2.aem3 : I2CCC26XX.oem3 (.text:I2CCC26XX_init)
                  00004eac    0000000a                           : I2C.oem3 (.text:I2C_close)
                  00004eb6    0000000a                           : I2C.oem3 (.text:I2C_transfer)
                  00004ec0    0000000a                           : UART.oem3 (.text:UART_close)
                  00004eca    0000000a                           : UART.oem3 (.text:UART_control)
                  00004ed4    0000000a                           : UART.oem3 (.text:UART_write)
                  00004ede    00000008     CC2640R2_LAUNCHXL.obj (.text:Board_init)
                  00004ee6    00000008     CC2640R2_LAUNCHXL_fxns.obj (.text:Board_initHook)
                  00004eee    00000008     drivers_cc26x0r2.aem3 : I2CCC26XX.oem3 (.text:I2CCC26XX_blockingCallback)
                  00004ef6    00000008                           : UARTCC26XX.oem3 (.text:UARTCC26XX_init)
                  00004efe    00000008                           : UARTCC26XX.oem3 (.text:readSemCallback)
                  00004f06    00000008                           : UARTCC26XX.oem3 (.text:writeSemCallback)
                  00004f0e    00000006     display.aem3 : DisplayUart.oem3 (.text:DisplayUartMin_control)
                  00004f14    00000006                  : DisplayUart.oem3 (.text:DisplayUartMin_getType)
                  00004f1a    00000006     drivers_cc26x0r2.aem3 : I2CCC26XX.oem3 (.text:I2CCC26XX_control)
                  00004f20    00000006     driverlib.lib : cpu.obj (.text:NOROM_CPUdelay)
                  00004f26    00000006     drivers_cc26x0r2.aem3 : UARTCC26XX.oem3 (.text:UARTCC26XX_readPolling)
                  00004f2c    00000006                           : UARTCC26XX.oem3 (.text:UARTCC26XX_writePolling)
                  00004f32    00000006     rom_sysbios.aem3 : rom_sysbios.obj (.text:pthread_attr_setstacksize)
                  00004f38    00000004     dpl_cc26x0r2.aem3 : PowerCC26XX_tirtos.oem3 (.text:CPUwfi)
                  00004f3c    00000004                       : ClockP_tirtos.oem3 (.text:ClockP_destruct)
                  00004f40    00000004                       : ClockP_tirtos.oem3 (.text:ClockP_getCpuFreq)
                  00004f44    00000004                       : ClockP_tirtos.oem3 (.text:ClockP_setTimeout)
                  00004f48    00000004                       : ClockP_tirtos.oem3 (.text:ClockP_start)
                  00004f4c    00000004                       : ClockP_tirtos.oem3 (.text:ClockP_stop)
                  00004f50    00000004                       : HwiP_tirtos.oem3 (.text:HwiP_destruct)
                  00004f54    00000004                       : HwiP_tirtos.oem3 (.text:HwiP_disable)
                  00004f58    00000004                       : HwiP_tirtos.oem3 (.text:HwiP_disableInterrupt)
                  00004f5c    00000004                       : HwiP_tirtos.oem3 (.text:HwiP_enableInterrupt)
                  00004f60    00000004                       : SemaphoreP_tirtos.oem3 (.text:SemaphoreP_destruct)
                  00004f64    00000004                       : SemaphoreP_tirtos.oem3 (.text:SemaphoreP_post)
                  00004f68    00000004                       : SwiP_tirtos.oem3 (.text:SwiP_destruct)
                  00004f6c    00000004                       : SwiP_tirtos.oem3 (.text:SwiP_disable)
                  00004f70    00000004                       : SwiP_tirtos.oem3 (.text:SwiP_getTrigger)
                  00004f74    00000004                       : SwiP_tirtos.oem3 (.text:SwiP_or)
                  00004f78    00000004                       : SwiP_tirtos.oem3 (.text:SwiP_post)
                  00004f7c    00000004                       : SystemP_tirtos.oem3 (.text:SystemP_vsnprintf)
                  00004f80    00000004     drivers_cc26x0r2.aem3 : PowerCC26XX.oem3 (.text:nopResourceHandler)
                  00004f84    00000004     rom_sysbios.aem3 : rom_sysbios.obj (.text:ti_sysbios_knl_Queue_insert__E)
                  00004f88    00000004                      : rom_sysbios.obj (.text:ti_sysbios_knl_Task_getArg1__E)
                  00004f8c    00000004                      : rom_sysbios.obj (.text:ti_sysbios_knl_Task_getEnv__E)
                  00004f90    00000004     release_pem3.oem3 (.text:xdc_runtime_Startup_reset__I)
                  00004f94    00000004     rom_sysbios.aem3 : rom_sysbios.obj (.text:xdc_runtime_SysCallback_defaultReady)
                  00004f98    00000008     (.tramp.ti_sysbios_knl_Swi_destruct.1)
                  00004fa0    00000008     (.tramp.ti_sysbios_family_arm_m3_Hwi_enableInterrupt__E.1)
                  00004fa8    00000008     (.tramp.ti_sysbios_family_arm_m3_Hwi_disableInterrupt__E.1)
                  00004fb0    00000008     (.tramp.ti_sysbios_family_arm_m3_Hwi_disableFxn__E.1)
                  00004fb8    00000008     (.tramp.ti_sysbios_family_arm_m3_Hwi_destruct.1)
                  00004fc0    00000008     (.tramp.ti_sysbios_BIOS_getCpuFreq__E.1)
                  00004fc8    00000008     (.tramp.ti_sysbios_knl_Clock_destruct.1)
                  00004fd0    00000008     (.tramp.ti_sysbios_knl_Task_self__E.1)
                  00004fd8    00000008     (.tramp.ti_sysbios_knl_Semaphore_delete.1)
                  00004fe0    00000008     (.tramp.xdc_runtime_Startup_startMods__I.1)
                  00004fe8    00000008     (.tramp.ti_sysbios_knl_Clock_logTick__E.1)
                  00004ff0    00000008     (.tramp.ti_sysbios_knl_Swi_post__E.1)
                  00004ff8    00000008     (.tramp.ti_sysbios_BIOS_RtsGateProxy_leave__E.1)
                  00005000    00000008     (.tramp.ti_sysbios_knl_Swi_construct.1)
                  00005008    00000008     (.tramp.ti_sysbios_BIOS_RtsGateProxy_enter__E.1)
                  00005010    00000008     (.tramp.ti_sysbios_knl_Task_delete.1)
                  00005018    00000008     (.tramp.ti_sysbios_knl_Semaphore_destruct.1)
                  00005020    00000008     (.tramp.ti_sysbios_knl_Semaphore_create.1)
                  00005028    00000008     (.tramp.ti_sysbios_knl_Task_startup__E.1)
                  00005030    00000008     (.tramp.ti_sysbios_knl_Swi_startup__E.1)
                  00005038    00000008     (.tramp.ti_sysbios_hal_Hwi_startup__E.1)
                  00005040    00000008     (.tramp.ti_sysbios_family_arm_cc26xx_Timer_startup__E.1)
                  00005048    00000008     (.tramp.xdc_runtime_System_atexit__E.1)
                  00005050    00000008     (.tramp.ti_sysbios_BIOS_linkedWithIncorrectBootLibrary__E.1)
                  00005058    00000008     (.tramp.xdc_runtime_Startup_rtsDone__E.1)
                  00005060    00000008     (.tramp.ti_sysbios_BIOS_setThreadType__E.1)
                  00005068    00000008     (.tramp.ti_sysbios_knl_Swi_disable__E.1)
                  00005070    00000008     (.tramp.ti_sysbios_family_arm_m3_Hwi_construct.1)
                  00005078    00000008     (.tramp.ti_sysbios_knl_Task_sleep__E.1)
                  00005080    00000008     (.tramp.ti_sysbios_knl_Swi_Params__init__S.1)
                  00005088    00000008     (.tramp.ti_sysbios_family_arm_m3_Hwi_Params__init__S.1)
                  00005090    00000008     (.tramp.xdc_runtime_System_exit__E.1)
                  00005098    00000008     (.tramp.ti_sysbios_knl_Clock_construct.1)
                  000050a0    00000008     (.tramp.ti_sysbios_knl_Clock_Params__init__S.1)
                  000050a8    00000008     (.tramp.ti_sysbios_heaps_HeapMem_restore__E.1)
                  000050b0    00000008     (.tramp.ti_sysbios_heaps_HeapMem_Object__get__S.1)
                  000050b8    00000008     (.tramp.ti_sysbios_BIOS_start__E.1)
                  000050c0    00000008     (.tramp.ti_sysbios_knl_Semaphore_post__E.1)
                  000050c8    00000008     (.tramp.xdc_runtime_Memory_free__E.1)
                  000050d0    00000008     (.tramp.ti_sysbios_knl_Queue_next__E.1)
                  000050d8    00000008     (.tramp.ti_sysbios_knl_Queue_head__E.1)
                  000050e0    00000008     (.tramp.ti_sysbios_knl_Semaphore_pend__E.1)
                  000050e8    00000008     (.tramp.ti_sysbios_knl_Clock_scheduleNextTick__E.1)
                  000050f0    00000008     (.tramp.ti_sysbios_knl_Clock_walkQueueDynamic__E.1)
                  000050f8    00000008     (.tramp.ti_sysbios_knl_Clock_TimerProxy_getCurrentTick__E.1)
                  00005100    00000008     (.tramp.ti_sysbios_knl_Task_restore__E.1)
                  00005108    00000008     (.tramp.ti_sysbios_knl_Queue_enqueue__E.1)
                  00005110    00000008     (.tramp.ti_sysbios_knl_Queue_empty__E.1)
                  00005118    00000008     (.tramp.ti_sysbios_knl_Queue_remove__E.1)
                  00005120    00000008     (.tramp.ti_sysbios_knl_Task_disable__E.1)
                  00005128    00000008     (.tramp.ti_sysbios_knl_Clock_stop__E.1)
                  00005130    00000008     (.tramp.ti_sysbios_knl_Clock_start__E.1)
                  00005138    00000008     (.tramp.ti_sysbios_knl_Clock_setTimeout__E.1)
                  00005140    00000008     (.tramp.ti_sysbios_knl_Task_create.1)
                  00005148    00000008     (.tramp.ti_sysbios_knl_Semaphore_construct.1)
                  00005150    00000008     (.tramp.ti_sysbios_knl_Semaphore_Params__init__S.1)
                  00005158    00000008     (.tramp.ti_sysbios_knl_Queue_construct.1)
                  00005160    00000008     (.tramp.xdc_runtime_Memory_alloc__E.1)
                  00005168    00000008     (.tramp.ti_sysbios_knl_Task_Params__init__S.1)
                  00005170    00000008     (.tramp.ti_sysbios_family_arm_m3_Hwi_restoreFxn__E.1)

.const     0    00005178    0000032a     
                  00005178    0000004c     drivers_cc26x0r2.aem3 : PowerCC26XX.oem3 (.const:resourceDB)
                  000051c4    00000048     release_pem3.oem3 (.const:.string)
                  0000520c    00000044     drivers_cc26x0r2.aem3 : UARTCC26XX.oem3 (.const:$O1$$)
                  00005250    00000040                           : GPIOCC26XX.oem3 (.const:$O2$$)
                  00005290    0000002c     CC2640R2_LAUNCHXL.obj (.const:BoardGpioInitTable)
                  000052bc    00000028     drivers_cc26x0r2.aem3 : UARTCC26XX.oem3 (.const:UARTCC26XX_fxnTable)
                  000052e4    00000028     CC2640R2_LAUNCHXL.obj (.const:uartCC26XXHWAttrs)
                  0000530c    00000024     drivers_cc26x0r2.aem3 : UART.oem3 (.const:UART_defaultParams)
                  00005330    00000024     release_pem3.oem3 (.const:xdc_runtime_Startup_sfxnTab__A)
                  00005354    00000020     display.aem3 : DisplayUart.oem3 (.const:DisplayUartMin_fxnTable)
                  00005374    00000018     drivers_cc26x0r2.aem3 : I2CCC26XX.oem3 (.const:I2CCC26XX_fxnTable)
                  0000538c    00000018     CC2640R2_LAUNCHXL.obj (.const:PowerCC26XX_config)
                  000053a4    00000018     CC2640R2_LAUNCHXL.obj (.const:i2cCC26xxHWAttrs)
                  000053bc    00000014     CC2640R2_LAUNCHXL_fxns.obj (.const:$P$T1$2)
                  000053d0    00000014     CC2640R2_LAUNCHXL.obj (.const:GPIOCC26XX_config)
                  000053e4    00000014     CC2640R2_LAUNCHXL.obj (.const:displayUartHWAttrs)
                  000053f8    00000012     CC2640R2_LAUNCHXL.obj (.const)
                  0000540a    00000012     release_pem3.oem3 (.const:xdc_runtime_Startup_sfxnRts__A)
                  0000541c    00000010     drivers_cc26x0r2.aem3 : I2C.oem3 (.const:I2C_defaultParams)
                  0000542c    0000000c     CC2640R2_LAUNCHXL.obj (.const:Display_config)
                  00005438    0000000c     CC2640R2_LAUNCHXL.obj (.const:I2C_config)
                  00005444    0000000c     CC2640R2_LAUNCHXL.obj (.const:UART_config)
                  00005450    0000000c     release_pem3.oem3 (.const:xdc_runtime_Startup_firstFxns__A)
                  0000545c    00000008     CC2640R2_LAUNCHXL_fxns.obj (.const:$P$T0$1)
                  00005464    00000008     CC2640R2_LAUNCHXL.obj (.const:PINCC26XX_hwAttrs)
                  0000546c    00000008     drivers_cc26x0r2.aem3 : I2CCC26XX.oem3 (.const:bitRate)
                  00005474    00000008     release_pem3.oem3 (.const:ti_sysbios_knl_Idle_funcList__A)
                  0000547c    00000004     release_pem3.oem3 (.const:ti_sysbios_family_arm_cc26xx_Timer_funcHookCH1__C)
                  00005480    00000004     release_pem3.oem3 (.const:ti_sysbios_family_arm_cc26xx_Timer_funcHookCH2__C)
                  00005484    00000004     release_pem3.oem3 (.const:ti_sysbios_heaps_HeapMem_primaryHeapBaseAddr__C)
                  00005488    00000004     release_pem3.oem3 (.const:ti_sysbios_heaps_HeapMem_primaryHeapEndAddr__C)
                  0000548c    00000004     release_pem3.oem3 (.const:ti_sysbios_knl_Clock_tickPeriod__C)
                  00005490    00000004     release_pem3.oem3 (.const:ti_sysbios_knl_Task_Object__heap__C)
[...]
1001bf77  ti_sysbios_knl_Swi_Instance_finalize__E                                   
1001bf79  ti_sysbios_family_arm_m3_Hwi_Params__init__S                              
1001bf79  ti_sysbios_hal_Hwi_HwiProxy_Params__init__S                               
1001bf79  ti_sysbios_hal_Hwi_HwiProxy_Params__init__S__mangled__                    
1001bf85  ti_sysbios_family_arm_m3_Hwi_disableFxn__E                                
1001bf91  ti_sysbios_family_arm_m3_Hwi_enableFxn__E                                 
1001bf9d  ti_sysbios_family_arm_m3_TaskSupport_getStackAlignment__E                 
1001bf9d  ti_sysbios_knl_Task_SupportProxy_getStackAlignment__E                     
1001bf9d  ti_sysbios_knl_Task_SupportProxy_getStackAlignment__E__mangled__          
1001bfa9  ti_sysbios_gates_GateHwi_enter__E                                         
1001bfb5  ti_sysbios_BIOS_RtsGateProxy_Params__init__S                              
1001bfb5  ti_sysbios_BIOS_RtsGateProxy_Params__init__S__mangled__                   
1001bfb5  ti_sysbios_gates_GateMutex_Params__init__S                                
1001bfb5  ti_sysbios_heaps_HeapMem_Module_GateProxy_Params__init__S                 
1001bfb5  ti_sysbios_heaps_HeapMem_Module_GateProxy_Params__init__S__mangled__      
1001bfc1  ti_sysbios_knl_Clock_Params__init__S                                      
1001bfcd  ti_sysbios_knl_Clock_getTimerHandle__E                                    
1001bfd9  ti_sysbios_knl_Event_Params__init__S                                      
1001bfe5  ti_sysbios_knl_Mailbox_Params__init__S                                    
1001bff1  ti_sysbios_knl_Queue_dequeue__E                                           
1001bffd  ti_sysbios_knl_Queue_enqueue__E                                           
1001c009  ti_sysbios_knl_Semaphore_Params__init__S                                  
1001c015  ti_sysbios_knl_Swi_Params__init__S                                        
1001c021  ti_sysbios_knl_Task_Params__init__S                                       
1001c02d  ti_sysbios_knl_Task_self__E                                               
1001c039  ti_sysbios_hal_Hwi_Instance_finalize__E                                   
1001c043  ti_sysbios_family_arm_m3_Hwi_doSwiRestore__I                              
1001c04b  ti_sysbios_family_arm_m3_Hwi_startup__E                                   
1001c04b  ti_sysbios_hal_Hwi_HwiProxy_startup__E                                    
1001c04b  ti_sysbios_hal_Hwi_HwiProxy_startup__E__mangled__                         
1001c04b  ti_sysbios_hal_Hwi_startup__E                                             
1001c04b  ti_sysbios_hal_Hwi_startup__E                                             
1001c053  ti_sysbios_knl_Idle_loop__E                                               
1001c05b  ti_sysbios_family_arm_m3_Hwi_doTaskRestore__I                             
1001c061  HwiP_restore                                                              
1001c061  ti_sysbios_family_arm_m3_Hwi_restoreFxn__E                                
1001c067  ti_sysbios_gates_GateHwi_leave__E                                         
1001c06d  ti_sysbios_heaps_HeapMem_isBlocking__E                                    
1001c073  ti_sysbios_knl_Queue_Instance_init__E                                     
1001c079  ti_sysbios_knl_Queue_elemClear__E                                         
1001c07f  ti_sysbios_knl_Swi_Module_startup__E                                      
1001c085  ti_sysbios_knl_Swi_startup__E                                             
1001c08b  ti_sysbios_knl_Task_enable__E                                             
1001c091  ti_sysbios_BIOS_RtsGateProxy_enter__E                                     
1001c095  ti_sysbios_BIOS_RtsGateProxy_leave__E                                     
1001c099  ti_sysbios_family_arm_cc26xx_Timer_getExpiredTicks__E                     
1001c09d  ti_sysbios_family_arm_cc26xx_Timer_getPeriod__E                           
1001c0a1  ti_sysbios_family_arm_cc26xx_Timer_setPeriod__E                           
1001c0a5  ti_sysbios_family_arm_m3_Hwi_delete                                       
1001c0a9  ti_sysbios_family_arm_m3_Hwi_destruct                                     
1001c0ad  ti_sysbios_family_arm_m3_TaskSupport_Module__startupDone__S               
1001c0ad  ti_sysbios_knl_Task_SupportProxy_Module__startupDone__S                   
1001c0ad  ti_sysbios_knl_Task_SupportProxy_Module__startupDone__S__mangled__        
1001c0b1  ti_sysbios_gates_GateHwi_query__E                                         
1001c0b1  xdc_runtime_Main_Module_GateProxy_query__E                                
1001c0b1  xdc_runtime_System_Module_GateProxy_query__E                              
1001c0b1  xdc_runtime_System_Module_GateProxy_query__E__mangled__                   
1001c0b5  ti_sysbios_gates_GateMutex_delete                                         
1001c0b9  ti_sysbios_gates_GateMutex_destruct                                       
1001c0bd  ti_sysbios_BIOS_RtsGateProxy_query__E                                     
1001c0bd  ti_sysbios_BIOS_RtsGateProxy_query__E__mangled__                          
1001c0bd  ti_sysbios_gates_GateMutex_query__E                                       
1001c0bd  ti_sysbios_heaps_HeapMem_Module_GateProxy_query__E                        
1001c0bd  ti_sysbios_heaps_HeapMem_Module_GateProxy_query__E__mangled__             
1001c0c1  ti_sysbios_hal_Hwi_HwiProxy_delete                                        
1001c0c5  ti_sysbios_hal_Hwi_delete                                                 
1001c0c9  ti_sysbios_heaps_HeapMem_Module_GateProxy_enter__E                        
1001c0cd  ti_sysbios_heaps_HeapMem_Module_GateProxy_leave__E                        
1001c0d1  ti_sysbios_knl_Clock_TimerProxy_getExpiredTicks__E                        
1001c0d5  ti_sysbios_knl_Clock_TimerProxy_getPeriod__E                              
1001c0d9  ti_sysbios_knl_Clock_delete                                               
1001c0dd  ti_sysbios_knl_Clock_destruct                                             
1001c0e1  ti_sysbios_knl_Clock_removeI__E                                           
1001c0e5  ti_sysbios_knl_Clock_setTimeout__E                                        
1001c0e9  ti_sysbios_knl_Event_delete                                               
1001c0ed  ti_sysbios_knl_Event_destruct                                             
1001c0f1  ti_sysbios_knl_Mailbox_delete                                             
1001c0f5  ti_sysbios_knl_Mailbox_destruct                                           
1001c0f9  ti_sysbios_knl_Queue_delete                                               
1001c0fd  ti_sysbios_knl_Queue_destruct                                             
1001c101  ti_sysbios_knl_Queue_head__E                                              
1001c105  ti_sysbios_knl_Queue_next__E                                              
1001c109  ti_sysbios_knl_Semaphore_delete                                           
1001c10d  ti_sysbios_knl_Semaphore_destruct                                         
1001c111  ti_sysbios_knl_Swi_delete                                                 
1001c115  ti_sysbios_knl_Swi_destruct                                               
1001c119  ti_sysbios_knl_Swi_postInit__I                                            
1001c11d  ti_sysbios_knl_Task_delete                                                
1001c121  ti_sysbios_knl_Task_destruct                                              
1001c125  ti_sysbios_knl_Task_startup__E                                            
1001c129  xdc_runtime_Startup_startMods__I                                          
1001c2c9  xdc_runtime_Core_createObject__I                                          
1001c349  xdc_runtime_Memory_alloc__E                                               
1001c3b5  xdc_runtime_Core_deleteObject__I                                          
1001c413  xdc_runtime_Error_policySpin__E                                           
1001c415  xdc_runtime_Startup_exec__E                                               
1001c465  xdc_runtime_Assert_raise__I                                               
1001c4ad  xdc_runtime_Core_assignParams__I                                          
1001c4f5  xdc_runtime_Core_constructObject__I                                       
1001c581  xdc_runtime_System_atexit__E                                              
1001c5b9  xdc_runtime_Core_assignLabel__I                                           
1001c5ed  xdc_runtime_System_processAtExit__E                                       
1001c621  xdc_runtime_Text_cordText__E                                              
1001c64d  xdc_runtime_System_abort__E                                               
1001c66d  xdc_runtime_Error_raiseX__E                                               
1001c689  xdc_runtime_Memory_valloc__E                                              
1001c6a5  xdc_runtime_Core_destructObject__I                                        
1001c6bd  xdc_runtime_Error_check__E                                                
1001c6d5  xdc_runtime_System_exit__E                                                
1001c6ed  xdc_runtime_Text_ropeText__E                                              
1001c705  xdc_runtime_Memory_free__E                                                
1001c715  xdc_runtime_SysCallback_abort__E                                          
1001c715  xdc_runtime_System_SupportProxy_abort__E                                  
1001c725  xdc_runtime_SysCallback_exit__E                                           
1001c725  xdc_runtime_System_SupportProxy_exit__E                                   
1001c735  xdc_runtime_Timestamp_SupportProxy_get32__E                               
1001c735  xdc_runtime_Timestamp_get32__E                                            
1001c735  xdc_runtime_Timestamp_get32__E                                            
1001c751  xdc_runtime_Memory_calloc__E                                              
1001c75d  xdc_runtime_Memory_getMaxDefaultTypeAlign__E                              
1001c769  xdc_runtime_Startup_rtsDone__E                                            
1001c775  xdc_runtime_Memory_HeapProxy_alloc__E                                     
1001c77f  xdc_runtime_Memory_HeapProxy_free__E                                      
1001c789  xdc_runtime_Gate_leaveSystem__E                                           
1001c78f  xdc_runtime_System_Module_startup__E                                      
1001c795  xdc_runtime_Gate_enterSystem__E                                           
1001c799  xdc_runtime_System_Module_GateProxy_enter__E                              
1001c79d  xdc_runtime_System_Module_GateProxy_leave__E                              
1001c7a1  xdc_runtime_System_abortSpin__E                                           
1001c7a3  xdc_runtime_System_exitSpin__E                                            
1001c7a5  ti_sysbios_family_arm_m3_Hwi_dispatch__I                                  
1001c86d  ti_sysbios_family_arm_m3_TaskSupport_buildTaskStack                       
1001c8b9  ti_sysbios_family_arm_m3_Hwi_initStacks__E                                
1001c901  ti_sysbios_family_arm_m3_Hwi_excHandlerAsm__I                             
1001c921  ti_sysbios_family_xxx_Hwi_switchAndRunFunc                                
1001c93f  ti_sysbios_family_arm_m3_Hwi_pendSV__I                                    
1001c957  ti_sysbios_family_arm_m3_Hwi_return                                       
1001c959  ti_sysbios_family_arm_m3_TaskSupport_glue                                 
1001c969  ti_sysbios_family_arm_m3_TaskSupport_swap__E                              
1001c969  ti_sysbios_knl_Task_SupportProxy_swap__E                                  
1001c969  ti_sysbios_knl_Task_SupportProxy_swap__E__mangled__                       
1001c971  ti_sysbios_knl_Task_swapReturn                                            
1001c978  ti_sysbios_knl_Task_Object__PARAMS__C                                     
1001c9b4  ti_sysbios_knl_Mailbox_Object__PARAMS__C                                  
1001c9e8  ti_sysbios_family_arm_m3_Hwi_Object__PARAMS__C                            
1001ca18  ti_sysbios_hal_Hwi_Object__PARAMS__C                                      
1001ca44  ti_sysbios_knl_Swi_Object__PARAMS__C                                      
1001ca6c  ti_sysbios_heaps_HeapMem_Object__PARAMS__C                                
1001ca90  ti_sysbios_knl_Clock_Object__PARAMS__C                                    
1001cab4  ti_sysbios_knl_Semaphore_Object__PARAMS__C                                
1001cad8  ti_sysbios_gates_GateHwi_Object__PARAMS__C                                
1001caf0  ti_sysbios_gates_GateMutex_Object__PARAMS__C                              
1001cb08  ti_sysbios_knl_Event_Object__PARAMS__C                                    
1001cb20  ti_sysbios_knl_Queue_Object__PARAMS__C                                    
1001cb68  ti_sysbios_gates_GateMutex_Instance_State_sem__O                          
1001cb6c  ti_sysbios_knl_Clock_Module_State_clockQ__O                               
1001cb70  ti_sysbios_knl_Event_Instance_State_pendQ__O                              
1001cb74  ti_sysbios_knl_Mailbox_Instance_State_dataQue__O                          
1001cb78  ti_sysbios_knl_Mailbox_Instance_State_dataSem__O                          
1001cb7c  ti_sysbios_knl_Mailbox_Instance_State_freeQue__O                          
1001cb80  ti_sysbios_knl_Mailbox_Instance_State_freeSem__O                          
1001cb84  ti_sysbios_knl_Semaphore_Instance_State_pendQ__O                          
1001cb88  ti_sysbios_knl_Task_Module_State_inactiveQ__O                             
20000000  ti_sysbios_family_arm_m3_Hwi_ramVectors                                   
20000100  ti_sysbios_knl_Task_Module__state__V                                      
20000144  ti_sysbios_family_arm_m3_Hwi_Module__state__V                             
20000178  ti_sysbios_knl_Clock_Module__state__V                                     
200001a4  ti_sysbios_BIOS_Module__state__V                                          
200001c8  ti_sysbios_knl_Swi_Module__state__V                                       
200001e4  ti_sysbios_family_arm_cc26xx_Timer_Module__state__V                       
200001ec  ti_sysbios_family_arm_cc26xx_TimestampProvider_Module__state__V           
200001f0  xdc_runtime_Startup_Module__state__V                                      
200001f8  xdc_runtime_System_Module__state__V                                       
20000200  xdc_runtime_Memory_Module__state__V                                       
20000204  xdc_runtime_Error_Module__state__V                                        
20000208  __primary_heap_start__                                                    
20001208  __primary_heap_end__                                                      
20001208  ti_sysbios_knl_Task_Instance_State_0_stack__A                             
20001408  uartCC26XXObjects                                                         
20001534  i2cCC26xxObjects                                                          
20001614  ti_sysbios_family_arm_m3_Hwi_dispatchTable                                
2000175c  uartCC26XXRingBuffer                                                      
20001790  displayUartObject                                                         
2000179c  PowerCC26XX_taskKey                                                       
200017a0  PowerCC26XX_swiKey                                                        
200017b0  ClockP_tickPeriod                                                         
200017b4  i2c                                                                       
200017b8  driverlib_release_0_56883                                                 
200017c0  pinUpperBound                                                             
200017c4  pinLowerBound                                                             
20001858  pinHandleTable                                                            
200018d4  PowerCC26XX_module                                                        
20001a70  ti_sysbios_gates_GateMutex_Object__table__V                               
20001ac4  ti_sysbios_knl_Task_Object__table__V                                      
20001b10  ti_sysbios_family_arm_cc26xx_Timer_Object__table__V                       
20001b98  gpioPinConfigs                                                            
20001bc8  ti_sysbios_knl_Swi_Module_State_0_readyQ__A                               
20001bf8  ti_sysbios_knl_Swi_Object__table__V                                       
20001c28  ti_sysbios_knl_Task_Module_State_0_readyQ__A                              
20001c58  ti_sysbios_knl_Clock_Object__table__V                                     
20001c78  xdc_runtime_Error_IgnoreBlock                                             
20001c98  ti_sysbios_family_arm_m3_Hwi_Object__table__V                             
20001cb0  ti_sysbios_heaps_HeapMem_Object__table__V                                 
20001cc8  gpioCallbackFunctions                                                     
20001cd8  _lock                                                                     
20001cdc  _unlock                                                                   
20001ce0  ti_sysbios_family_arm_m3_Hwi_Module__root__V                              
20001ce8  ti_sysbios_gates_GateHwi_Module__root__V                                  
20001cf0  ti_sysbios_gates_GateMutex_Module__root__V                                
20001cf8  ti_sysbios_hal_Hwi_Module__root__V                                        
20001d00  ti_sysbios_heaps_HeapMem_Module__root__V                                  
20001d08  ti_sysbios_knl_Clock_Module__root__V                                      
20001d10  ti_sysbios_knl_Event_Module__root__V                                      
20001d18  ti_sysbios_knl_Mailbox_Module__root__V                                    
20001d20  ti_sysbios_knl_Queue_Module__root__V                                      
20001d28  ti_sysbios_knl_Semaphore_Module__root__V                                  
20001d30  ti_sysbios_knl_Swi_Module__root__V                                        
20001d38  ti_sysbios_knl_Task_Module__root__V                                       
20001d40  xdc_runtime_System_Module_State_0_atexitHandlers__A                       
20001d48  main_func_sp                                                              
20001d4c  ti_sysbios_family_arm_m3_Hwi_Module_State_0_excContext__A                 
20001d50  ti_sysbios_family_arm_m3_Hwi_Module_State_0_excStack__A                   
20001d54  ti_sysbios_knl_Task_Module_State_0_idleTask__A                            
20001d58  ti_sysbios_family_arm_m3_Hwi_Module_State_0_excActive__A                  
20004c00  __stack                                                                   
20005000  __STACK_END                                                               
e000e000  ti_sysbios_family_arm_m3_Hwi_nvic                                         
ffffffff  __TI_pprof_out_hndl                                                       
ffffffff  __TI_prof_data_size                                                       
ffffffff  __TI_prof_data_start                                                      
ffffffff  __binit__                                                                 
ffffffff  __c_args__                                                                
ffffffff  binit                                                                     
UNDEFED   SHT$$INIT_ARRAY$$Base                                                     
UNDEFED   SHT$$INIT_ARRAY$$Limit                                                    

[856 symbols]
